Component: ARM Compiler 5.06 update 4 (build 422) Tool: armlink [4d35d2]

==============================================================================

Section Cross References

    main.o(i.BeiFen) refers to main.o(i.Request_Anticoll_Select) for Request_Anticoll_Select
    main.o(i.BeiFen) refers to rc522.o(i.PcdAuthState) for PcdAuthState
    main.o(i.BeiFen) refers to stm32f10x_usart.o(i.USART_SendData) for USART_SendData
    main.o(i.BeiFen) refers to stm32f10x_usart.o(i.USART_GetFlagStatus) for USART_GetFlagStatus
    main.o(i.BeiFen) refers to usart.o(i.usart1_sendstring) for usart1_sendstring
    main.o(i.BeiFen) refers to rc522.o(i.PcdRead) for PcdRead
    main.o(i.BeiFen) refers to main.o(i.Printing) for Printing
    main.o(i.BeiFen) refers to rc522.o(i.PcdBakValue) for PcdBakValue
    main.o(i.BeiFen) refers to stm32f10x_gpio.o(i.GPIO_SetBits) for GPIO_SetBits
    main.o(i.BeiFen) refers to delay.o(i.delay_ms) for delay_ms
    main.o(i.BeiFen) refers to stm32f10x_gpio.o(i.GPIO_ResetBits) for GPIO_ResetBits
    main.o(i.BeiFen) refers to main.o(.data) for Card_ID
    main.o(i.BeiFen) refers to main.o(.bss) for Data_Buffer
    main.o(i.CZ) refers to main.o(i.Request_Anticoll_Select) for Request_Anticoll_Select
    main.o(i.CZ) refers to rc522.o(i.PcdAuthState) for PcdAuthState
    main.o(i.CZ) refers to stm32f10x_usart.o(i.USART_SendData) for USART_SendData
    main.o(i.CZ) refers to stm32f10x_usart.o(i.USART_GetFlagStatus) for USART_GetFlagStatus
    main.o(i.CZ) refers to usart.o(i.usart1_sendstring) for usart1_sendstring
    main.o(i.CZ) refers to rc522.o(i.PcdWrite) for PcdWrite
    main.o(i.CZ) refers to rc522.o(i.PcdRead) for PcdRead
    main.o(i.CZ) refers to main.o(i.Printing) for Printing
    main.o(i.CZ) refers to stm32f10x_gpio.o(i.GPIO_SetBits) for GPIO_SetBits
    main.o(i.CZ) refers to delay.o(i.delay_ms) for delay_ms
    main.o(i.CZ) refers to stm32f10x_gpio.o(i.GPIO_ResetBits) for GPIO_ResetBits
    main.o(i.CZ) refers to main.o(.data) for Block
    main.o(i.CZ) refers to main.o(.bss) for Data_Buffer
    main.o(i.Change_UID) refers to memseta.o(.text) for __aeabi_memclr4
    main.o(i.Change_UID) refers to main.o(i.Request_Anticoll_Select) for Request_Anticoll_Select
    main.o(i.Change_UID) refers to rc522.o(i.PcdAuthState) for PcdAuthState
    main.o(i.Change_UID) refers to rc522.o(i.PcdRead) for PcdRead
    main.o(i.Change_UID) refers to rc522.o(i.CalulateCRC) for CalulateCRC
    main.o(i.Change_UID) refers to rc522.o(i.PcdReset) for PcdReset
    main.o(i.Change_UID) refers to rc522.o(i.PcdAntennaOff) for PcdAntennaOff
    main.o(i.Change_UID) refers to delay.o(i.delay_ms) for delay_ms
    main.o(i.Change_UID) refers to rc522.o(i.PcdAntennaOn) for PcdAntennaOn
    main.o(i.Change_UID) refers to rc522.o(i.PcdHalt) for PcdHalt
    main.o(i.Change_UID) refers to rc522.o(i.WriteRawRC) for WriteRawRC
    main.o(i.Change_UID) refers to rc522.o(i.PcdComMF522) for PcdComMF522
    main.o(i.Change_UID) refers to rc522.o(i.PcdWrite) for PcdWrite
    main.o(i.Change_UID) refers to main.o(.data) for Card_ID
    main.o(i.Copy_ICdate) refers to main.o(i.Request_Anticoll_Select) for Request_Anticoll_Select
    main.o(i.Copy_ICdate) refers to main.o(i.Read_ICdata) for Read_ICdata
    main.o(i.Copy_ICdate) refers to main.o(.data) for Card_ID
    main.o(i.Decrement) refers to main.o(i.Request_Anticoll_Select) for Request_Anticoll_Select
    main.o(i.Decrement) refers to rc522.o(i.PcdAuthState) for PcdAuthState
    main.o(i.Decrement) refers to stm32f10x_usart.o(i.USART_SendData) for USART_SendData
    main.o(i.Decrement) refers to stm32f10x_usart.o(i.USART_GetFlagStatus) for USART_GetFlagStatus
    main.o(i.Decrement) refers to usart.o(i.usart1_sendstring) for usart1_sendstring
    main.o(i.Decrement) refers to rc522.o(i.PcdRead) for PcdRead
    main.o(i.Decrement) refers to main.o(i.Printing) for Printing
    main.o(i.Decrement) refers to stm32f10x_gpio.o(i.GPIO_SetBits) for GPIO_SetBits
    main.o(i.Decrement) refers to delay.o(i.delay_ms) for delay_ms
    main.o(i.Decrement) refers to stm32f10x_gpio.o(i.GPIO_ResetBits) for GPIO_ResetBits
    main.o(i.Decrement) refers to rc522.o(i.PcdValue) for PcdValue
    main.o(i.Decrement) refers to main.o(.data) for Block
    main.o(i.Decrement) refers to main.o(.bss) for Data_Buffer
    main.o(i.Increment) refers to main.o(i.Request_Anticoll_Select) for Request_Anticoll_Select
    main.o(i.Increment) refers to rc522.o(i.PcdAuthState) for PcdAuthState
    main.o(i.Increment) refers to stm32f10x_usart.o(i.USART_SendData) for USART_SendData
    main.o(i.Increment) refers to stm32f10x_usart.o(i.USART_GetFlagStatus) for USART_GetFlagStatus
    main.o(i.Increment) refers to usart.o(i.usart1_sendstring) for usart1_sendstring
    main.o(i.Increment) refers to rc522.o(i.PcdRead) for PcdRead
    main.o(i.Increment) refers to main.o(i.Printing) for Printing
    main.o(i.Increment) refers to stm32f10x_gpio.o(i.GPIO_SetBits) for GPIO_SetBits
    main.o(i.Increment) refers to delay.o(i.delay_ms) for delay_ms
    main.o(i.Increment) refers to stm32f10x_gpio.o(i.GPIO_ResetBits) for GPIO_ResetBits
    main.o(i.Increment) refers to rc522.o(i.PcdValue) for PcdValue
    main.o(i.Increment) refers to main.o(.data) for Block
    main.o(i.Increment) refers to main.o(.bss) for Data_Buffer
    main.o(i.ModifyKey) refers to main.o(i.Request_Anticoll_Select) for Request_Anticoll_Select
    main.o(i.ModifyKey) refers to rc522.o(i.PcdAuthState) for PcdAuthState
    main.o(i.ModifyKey) refers to stm32f10x_usart.o(i.USART_SendData) for USART_SendData
    main.o(i.ModifyKey) refers to stm32f10x_usart.o(i.USART_GetFlagStatus) for USART_GetFlagStatus
    main.o(i.ModifyKey) refers to usart.o(i.usart1_sendstring) for usart1_sendstring
    main.o(i.ModifyKey) refers to rc522.o(i.PcdRead) for PcdRead
    main.o(i.ModifyKey) refers to main.o(i.Printing) for Printing
    main.o(i.ModifyKey) refers to rc522.o(i.PcdWrite) for PcdWrite
    main.o(i.ModifyKey) refers to stm32f10x_gpio.o(i.GPIO_SetBits) for GPIO_SetBits
    main.o(i.ModifyKey) refers to delay.o(i.delay_ms) for delay_ms
    main.o(i.ModifyKey) refers to stm32f10x_gpio.o(i.GPIO_ResetBits) for GPIO_ResetBits
    main.o(i.ModifyKey) refers to main.o(.data) for Block
    main.o(i.ModifyKey) refers to main.o(.bss) for Data_Buffer
    main.o(i.Printing) refers to stm32f10x_usart.o(i.USART_SendData) for USART_SendData
    main.o(i.Printing) refers to stm32f10x_usart.o(i.USART_GetFlagStatus) for USART_GetFlagStatus
    main.o(i.Printing) refers to usart.o(i.usart1_sendstring) for usart1_sendstring
    main.o(i.Printing) refers to main.o(.data) for i
    main.o(i.Read_ICdata) refers to rc522.o(i.PcdAuthState) for PcdAuthState
    main.o(i.Read_ICdata) refers to rc522.o(i.PcdRead) for PcdRead
    main.o(i.Read_ICdata) refers to delay.o(i.delay_ms) for delay_ms
    main.o(i.Read_ICdata) refers to main.o(.data) for User_Key
    main.o(i.Read_ICdata) refers to main.o(.bss) for Card_Data
    main.o(i.RecoveryKey) refers to main.o(i.Request_Anticoll_Select) for Request_Anticoll_Select
    main.o(i.RecoveryKey) refers to rc522.o(i.PcdAuthState) for PcdAuthState
    main.o(i.RecoveryKey) refers to stm32f10x_usart.o(i.USART_SendData) for USART_SendData
    main.o(i.RecoveryKey) refers to stm32f10x_usart.o(i.USART_GetFlagStatus) for USART_GetFlagStatus
    main.o(i.RecoveryKey) refers to usart.o(i.usart1_sendstring) for usart1_sendstring
    main.o(i.RecoveryKey) refers to rc522.o(i.PcdRead) for PcdRead
    main.o(i.RecoveryKey) refers to main.o(i.Printing) for Printing
    main.o(i.RecoveryKey) refers to rc522.o(i.PcdWrite) for PcdWrite
    main.o(i.RecoveryKey) refers to stm32f10x_gpio.o(i.GPIO_SetBits) for GPIO_SetBits
    main.o(i.RecoveryKey) refers to delay.o(i.delay_ms) for delay_ms
    main.o(i.RecoveryKey) refers to stm32f10x_gpio.o(i.GPIO_ResetBits) for GPIO_ResetBits
    main.o(i.RecoveryKey) refers to main.o(.data) for Block
    main.o(i.RecoveryKey) refers to main.o(.bss) for Data_Buffer
    main.o(i.Request_Anticoll_Select) refers to rc522.o(i.PcdRequest) for PcdRequest
    main.o(i.Request_Anticoll_Select) refers to usart.o(i.usart1_sendstring) for usart1_sendstring
    main.o(i.Request_Anticoll_Select) refers to rc522.o(i.PcdAnticoll) for PcdAnticoll
    main.o(i.Request_Anticoll_Select) refers to main.o(i.Printing) for Printing
    main.o(i.Request_Anticoll_Select) refers to rc522.o(i.PcdSelect) for PcdSelect
    main.o(i.Request_Anticoll_Select) refers to main.o(.data) for Card_Buffer
    main.o(i.Write_ICdata) refers to main.o(i.Request_Anticoll_Select) for Request_Anticoll_Select
    main.o(i.Write_ICdata) refers to rc522.o(i.PcdAuthState) for PcdAuthState
    main.o(i.Write_ICdata) refers to rc522.o(i.PcdWrite) for PcdWrite
    main.o(i.Write_ICdata) refers to delay.o(i.delay_ms) for delay_ms
    main.o(i.Write_ICdata) refers to main.o(.data) for Card_ID
    main.o(i.Write_ICdata) refers to main.o(.bss) for Card_Data
    main.o(i.hhh) refers to main.o(i.Request_Anticoll_Select) for Request_Anticoll_Select
    main.o(i.hhh) refers to rc522.o(i.PcdAuthState) for PcdAuthState
    main.o(i.hhh) refers to stm32f10x_usart.o(i.USART_SendData) for USART_SendData
    main.o(i.hhh) refers to stm32f10x_usart.o(i.USART_GetFlagStatus) for USART_GetFlagStatus
    main.o(i.hhh) refers to usart.o(i.usart1_sendstring) for usart1_sendstring
    main.o(i.hhh) refers to rc522.o(i.PcdRead) for PcdRead
    main.o(i.hhh) refers to main.o(i.Printing) for Printing
    main.o(i.hhh) refers to stm32f10x_gpio.o(i.GPIO_SetBits) for GPIO_SetBits
    main.o(i.hhh) refers to delay.o(i.delay_ms) for delay_ms
    main.o(i.hhh) refers to stm32f10x_gpio.o(i.GPIO_ResetBits) for GPIO_ResetBits
    main.o(i.hhh) refers to main.o(.data) for Block
    main.o(i.hhh) refers to main.o(.bss) for Data_Buffer
    main.o(i.main) refers to misc.o(i.NVIC_PriorityGroupConfig) for NVIC_PriorityGroupConfig
    main.o(i.main) refers to delay.o(i.delay_init) for delay_init
    main.o(i.main) refers to ledkey.o(i.led_init) for led_init
    main.o(i.main) refers to ledkey.o(i.key_init) for key_init
    main.o(i.main) refers to usart.o(i.usart1_init) for usart1_init
    main.o(i.main) refers to usart.o(i.usart1_sendstring) for usart1_sendstring
    main.o(i.main) refers to rc522.o(i.RFIDGPIO_Init) for RFIDGPIO_Init
    main.o(i.main) refers to delay.o(i.delay_ms) for delay_ms
    main.o(i.main) refers to ledkey.o(i.Read_Key) for Read_Key
    main.o(i.main) refers to main.o(i.Write_ICdata) for Write_ICdata
    main.o(i.main) refers to main.o(i.Copy_ICdate) for Copy_ICdate
    main.o(i.main) refers to main.o(.data) for Key_Flag
    system_stm32f10x.o(i.SetSysClock) refers to system_stm32f10x.o(i.SetSysClockTo72) for SetSysClockTo72
    system_stm32f10x.o(i.SystemCoreClockUpdate) refers to system_stm32f10x.o(.data) for SystemCoreClock
    system_stm32f10x.o(i.SystemInit) refers to system_stm32f10x.o(i.SetSysClock) for SetSysClock
    delay.o(i.delay_init) refers to misc.o(i.SysTick_CLKSourceConfig) for SysTick_CLKSourceConfig
    delay.o(i.delay_init) refers to system_stm32f10x.o(.data) for SystemCoreClock
    delay.o(i.delay_init) refers to delay.o(.data) for fac_us
    delay.o(i.delay_ms) refers to delay.o(.data) for fac_ms
    delay.o(i.delay_us) refers to delay.o(.data) for fac_us
    usart.o(i.USART1_IRQHandler) refers to stm32f10x_usart.o(i.USART_GetITStatus) for USART_GetITStatus
    usart.o(i.USART1_IRQHandler) refers to stm32f10x_usart.o(i.USART_ReceiveData) for USART_ReceiveData
    usart.o(i.USART1_IRQHandler) refers to stm32f10x_usart.o(i.USART_SendData) for USART_SendData
    usart.o(i.USART1_IRQHandler) refers to stm32f10x_usart.o(i.USART_ClearITPendingBit) for USART_ClearITPendingBit
    usart.o(i.usart1_init) refers to stm32f10x_rcc.o(i.RCC_APB2PeriphClockCmd) for RCC_APB2PeriphClockCmd
    usart.o(i.usart1_init) refers to stm32f10x_gpio.o(i.GPIO_Init) for GPIO_Init
    usart.o(i.usart1_init) refers to stm32f10x_usart.o(i.USART_Init) for USART_Init
    usart.o(i.usart1_init) refers to stm32f10x_usart.o(i.USART_ITConfig) for USART_ITConfig
    usart.o(i.usart1_init) refers to misc.o(i.NVIC_Init) for NVIC_Init
    usart.o(i.usart1_init) refers to stm32f10x_usart.o(i.USART_Cmd) for USART_Cmd
    usart.o(i.usart1_sendstring) refers to stm32f10x_usart.o(i.USART_SendData) for USART_SendData
    usart.o(i.usart1_sendstring) refers to stm32f10x_usart.o(i.USART_GetFlagStatus) for USART_GetFlagStatus
    startup_stm32f10x_hd.o(RESET) refers to startup_stm32f10x_hd.o(STACK) for __initial_sp
    startup_stm32f10x_hd.o(RESET) refers to startup_stm32f10x_hd.o(.text) for Reset_Handler
    startup_stm32f10x_hd.o(RESET) refers to stm32f10x_it.o(i.NMI_Handler) for NMI_Handler
    startup_stm32f10x_hd.o(RESET) refers to stm32f10x_it.o(i.HardFault_Handler) for HardFault_Handler
    startup_stm32f10x_hd.o(RESET) refers to stm32f10x_it.o(i.MemManage_Handler) for MemManage_Handler
    startup_stm32f10x_hd.o(RESET) refers to stm32f10x_it.o(i.BusFault_Handler) for BusFault_Handler
    startup_stm32f10x_hd.o(RESET) refers to stm32f10x_it.o(i.UsageFault_Handler) for UsageFault_Handler
    startup_stm32f10x_hd.o(RESET) refers to stm32f10x_it.o(i.SVC_Handler) for SVC_Handler
    startup_stm32f10x_hd.o(RESET) refers to stm32f10x_it.o(i.DebugMon_Handler) for DebugMon_Handler
    startup_stm32f10x_hd.o(RESET) refers to stm32f10x_it.o(i.PendSV_Handler) for PendSV_Handler
    startup_stm32f10x_hd.o(RESET) refers to stm32f10x_it.o(i.SysTick_Handler) for SysTick_Handler
    startup_stm32f10x_hd.o(RESET) refers to usart.o(i.USART1_IRQHandler) for USART1_IRQHandler
    startup_stm32f10x_hd.o(.text) refers to system_stm32f10x.o(i.SystemInit) for SystemInit
    startup_stm32f10x_hd.o(.text) refers to entry.o(.ARM.Collect$$$$00000000) for __main
    stm32f10x_gpio.o(i.GPIO_AFIODeInit) refers to stm32f10x_rcc.o(i.RCC_APB2PeriphResetCmd) for RCC_APB2PeriphResetCmd
    stm32f10x_gpio.o(i.GPIO_DeInit) refers to stm32f10x_rcc.o(i.RCC_APB2PeriphResetCmd) for RCC_APB2PeriphResetCmd
    stm32f10x_rcc.o(i.RCC_GetClocksFreq) refers to stm32f10x_rcc.o(.data) for APBAHBPrescTable
    stm32f10x_rcc.o(i.RCC_WaitForHSEStartUp) refers to stm32f10x_rcc.o(i.RCC_GetFlagStatus) for RCC_GetFlagStatus
    stm32f10x_spi.o(i.I2S_Init) refers to stm32f10x_rcc.o(i.RCC_GetClocksFreq) for RCC_GetClocksFreq
    stm32f10x_spi.o(i.SPI_I2S_DeInit) refers to stm32f10x_rcc.o(i.RCC_APB2PeriphResetCmd) for RCC_APB2PeriphResetCmd
    stm32f10x_spi.o(i.SPI_I2S_DeInit) refers to stm32f10x_rcc.o(i.RCC_APB1PeriphResetCmd) for RCC_APB1PeriphResetCmd
    stm32f10x_usart.o(i.USART_DeInit) refers to stm32f10x_rcc.o(i.RCC_APB2PeriphResetCmd) for RCC_APB2PeriphResetCmd
    stm32f10x_usart.o(i.USART_DeInit) refers to stm32f10x_rcc.o(i.RCC_APB1PeriphResetCmd) for RCC_APB1PeriphResetCmd
    stm32f10x_usart.o(i.USART_Init) refers to stm32f10x_rcc.o(i.RCC_GetClocksFreq) for RCC_GetClocksFreq
    ledkey.o(i.Read_Key) refers to delay.o(i.delay_ms) for delay_ms
    ledkey.o(i.key_init) refers to stm32f10x_rcc.o(i.RCC_APB2PeriphClockCmd) for RCC_APB2PeriphClockCmd
    ledkey.o(i.key_init) refers to stm32f10x_gpio.o(i.GPIO_Init) for GPIO_Init
    ledkey.o(i.led_init) refers to stm32f10x_rcc.o(i.RCC_APB2PeriphClockCmd) for RCC_APB2PeriphClockCmd
    ledkey.o(i.led_init) refers to stm32f10x_gpio.o(i.GPIO_Init) for GPIO_Init
    rc522.o(i.CalulateCRC) refers to rc522.o(i.ClearBitMask) for ClearBitMask
    rc522.o(i.CalulateCRC) refers to rc522.o(i.WriteRawRC) for WriteRawRC
    rc522.o(i.CalulateCRC) refers to rc522.o(i.SetBitMask) for SetBitMask
    rc522.o(i.CalulateCRC) refers to rc522.o(i.ReadRawRC) for ReadRawRC
    rc522.o(i.ClearBitMask) refers to rc522.o(i.ReadRawRC) for ReadRawRC
    rc522.o(i.ClearBitMask) refers to rc522.o(i.WriteRawRC) for WriteRawRC
    rc522.o(i.DataDecrypt) refers to rc522.o(i.MoveBits) for MoveBits
    rc522.o(i.M500PcdConfigISOType) refers to rc522.o(i.ClearBitMask) for ClearBitMask
    rc522.o(i.M500PcdConfigISOType) refers to rc522.o(i.WriteRawRC) for WriteRawRC
    rc522.o(i.M500PcdConfigISOType) refers to delay.o(i.delay_ms) for delay_ms
    rc522.o(i.M500PcdConfigISOType) refers to rc522.o(i.PcdAntennaOn) for PcdAntennaOn
    rc522.o(i.MoveBits) refers to rc522.o(i.trans) for trans
    rc522.o(i.PcdAntennaOff) refers to rc522.o(i.ClearBitMask) for ClearBitMask
    rc522.o(i.PcdAntennaOn) refers to rc522.o(i.ReadRawRC) for ReadRawRC
    rc522.o(i.PcdAntennaOn) refers to rc522.o(i.SetBitMask) for SetBitMask
    rc522.o(i.PcdAnticoll) refers to rc522.o(i.ClearBitMask) for ClearBitMask
    rc522.o(i.PcdAnticoll) refers to rc522.o(i.WriteRawRC) for WriteRawRC
    rc522.o(i.PcdAnticoll) refers to rc522.o(i.PcdComMF522) for PcdComMF522
    rc522.o(i.PcdAnticoll) refers to rc522.o(i.SetBitMask) for SetBitMask
    rc522.o(i.PcdAuthState) refers to rc522.o(i.trans) for trans
    rc522.o(i.PcdAuthState) refers to rc522.o(i.PcdComMF522) for PcdComMF522
    rc522.o(i.PcdAuthState) refers to rc522.o(i.ReadRawRC) for ReadRawRC
    rc522.o(i.PcdBakValue) refers to rc522.o(i.CalulateCRC) for CalulateCRC
    rc522.o(i.PcdBakValue) refers to rc522.o(i.PcdComMF522) for PcdComMF522
    rc522.o(i.PcdComMF522) refers to rc522.o(i.WriteRawRC) for WriteRawRC
    rc522.o(i.PcdComMF522) refers to rc522.o(i.ClearBitMask) for ClearBitMask
    rc522.o(i.PcdComMF522) refers to rc522.o(i.SetBitMask) for SetBitMask
    rc522.o(i.PcdComMF522) refers to rc522.o(i.ReadRawRC) for ReadRawRC
    rc522.o(i.PcdHalt) refers to rc522.o(i.CalulateCRC) for CalulateCRC
    rc522.o(i.PcdHalt) refers to rc522.o(i.PcdComMF522) for PcdComMF522
    rc522.o(i.PcdRead) refers to rc522.o(i.CalulateCRC) for CalulateCRC
    rc522.o(i.PcdRead) refers to rc522.o(i.PcdComMF522) for PcdComMF522
    rc522.o(i.PcdRead) refers to rc522.o(i.trans) for trans
    rc522.o(i.PcdRequest) refers to rc522.o(i.ClearBitMask) for ClearBitMask
    rc522.o(i.PcdRequest) refers to rc522.o(i.WriteRawRC) for WriteRawRC
    rc522.o(i.PcdRequest) refers to rc522.o(i.SetBitMask) for SetBitMask
    rc522.o(i.PcdRequest) refers to rc522.o(i.PcdComMF522) for PcdComMF522
    rc522.o(i.PcdReset) refers to stm32f10x_gpio.o(i.GPIO_SetBits) for GPIO_SetBits
    rc522.o(i.PcdReset) refers to delay.o(i.delay_us) for delay_us
    rc522.o(i.PcdReset) refers to rc522.o(i.WriteRawRC) for WriteRawRC
    rc522.o(i.PcdReset) refers to rc522.o(i.PcdAntennaOn) for PcdAntennaOn
    rc522.o(i.PcdSelect) refers to rc522.o(i.CalulateCRC) for CalulateCRC
    rc522.o(i.PcdSelect) refers to rc522.o(i.ClearBitMask) for ClearBitMask
    rc522.o(i.PcdSelect) refers to rc522.o(i.PcdComMF522) for PcdComMF522
    rc522.o(i.PcdValue) refers to rc522.o(i.CalulateCRC) for CalulateCRC
    rc522.o(i.PcdValue) refers to rc522.o(i.PcdComMF522) for PcdComMF522
    rc522.o(i.PcdValue) refers to rc522.o(i.trans) for trans
    rc522.o(i.PcdWrite) refers to rc522.o(i.CalulateCRC) for CalulateCRC
    rc522.o(i.PcdWrite) refers to rc522.o(i.PcdComMF522) for PcdComMF522
    rc522.o(i.PcdWrite) refers to rc522.o(i.trans) for trans
    rc522.o(i.RFIDGPIO_Init) refers to stm32f10x_rcc.o(i.RCC_APB2PeriphClockCmd) for RCC_APB2PeriphClockCmd
    rc522.o(i.RFIDGPIO_Init) refers to stm32f10x_gpio.o(i.GPIO_Init) for GPIO_Init
    rc522.o(i.RFIDGPIO_Init) refers to stm32f10x_gpio.o(i.GPIO_SetBits) for GPIO_SetBits
    rc522.o(i.RFIDGPIO_Init) refers to spi.o(i.spi2_init) for spi2_init
    rc522.o(i.RFIDGPIO_Init) refers to rc522.o(i.PcdReset) for PcdReset
    rc522.o(i.RFIDGPIO_Init) refers to rc522.o(i.PcdAntennaOff) for PcdAntennaOff
    rc522.o(i.RFIDGPIO_Init) refers to delay.o(i.delay_ms) for delay_ms
    rc522.o(i.RFIDGPIO_Init) refers to rc522.o(i.PcdAntennaOn) for PcdAntennaOn
    rc522.o(i.ReadRawRC) refers to stm32f10x_gpio.o(i.GPIO_ResetBits) for GPIO_ResetBits
    rc522.o(i.ReadRawRC) refers to spi.o(i.spi2_readwritebyte) for spi2_readwritebyte
    rc522.o(i.ReadRawRC) refers to stm32f10x_gpio.o(i.GPIO_SetBits) for GPIO_SetBits
    rc522.o(i.SetBitMask) refers to rc522.o(i.ReadRawRC) for ReadRawRC
    rc522.o(i.SetBitMask) refers to rc522.o(i.WriteRawRC) for WriteRawRC
    rc522.o(i.WriteRawRC) refers to stm32f10x_gpio.o(i.GPIO_ResetBits) for GPIO_ResetBits
    rc522.o(i.WriteRawRC) refers to spi.o(i.spi2_readwritebyte) for spi2_readwritebyte
    rc522.o(i.WriteRawRC) refers to stm32f10x_gpio.o(i.GPIO_SetBits) for GPIO_SetBits
    spi.o(i.spi2_init) refers to stm32f10x_rcc.o(i.RCC_APB2PeriphClockCmd) for RCC_APB2PeriphClockCmd
    spi.o(i.spi2_init) refers to stm32f10x_rcc.o(i.RCC_APB1PeriphClockCmd) for RCC_APB1PeriphClockCmd
    spi.o(i.spi2_init) refers to stm32f10x_gpio.o(i.GPIO_Init) for GPIO_Init
    spi.o(i.spi2_init) refers to stm32f10x_gpio.o(i.GPIO_SetBits) for GPIO_SetBits
    spi.o(i.spi2_init) refers to stm32f10x_gpio.o(i.GPIO_ResetBits) for GPIO_ResetBits
    spi.o(i.spi2_init) refers to stm32f10x_spi.o(i.SPI_Init) for SPI_Init
    spi.o(i.spi2_init) refers to stm32f10x_spi.o(i.SPI_Cmd) for SPI_Cmd
    spi.o(i.spi2_init) refers to spi.o(i.spi2_readwritebyte) for spi2_readwritebyte
    spi.o(i.spi2_readwritebyte) refers to stm32f10x_spi.o(i.SPI_I2S_GetFlagStatus) for SPI_I2S_GetFlagStatus
    spi.o(i.spi2_readwritebyte) refers to stm32f10x_spi.o(i.SPI_I2S_SendData) for SPI_I2S_SendData
    spi.o(i.spi2_readwritebyte) refers to stm32f10x_spi.o(i.SPI_I2S_ReceiveData) for SPI_I2S_ReceiveData
    spi.o(i.spi_setspeed) refers to stm32f10x_spi.o(i.SPI_Cmd) for SPI_Cmd
    entry.o(.ARM.Collect$$$$00000000) refers (Special) to entry10a.o(.ARM.Collect$$$$0000000D) for __rt_final_cpp
    entry.o(.ARM.Collect$$$$00000000) refers (Special) to entry11a.o(.ARM.Collect$$$$0000000F) for __rt_final_exit
    entry.o(.ARM.Collect$$$$00000000) refers (Special) to entry7b.o(.ARM.Collect$$$$00000008) for _main_clock
    entry.o(.ARM.Collect$$$$00000000) refers (Special) to entry8b.o(.ARM.Collect$$$$0000000A) for _main_cpp_init
    entry.o(.ARM.Collect$$$$00000000) refers (Special) to entry9a.o(.ARM.Collect$$$$0000000B) for _main_init
    entry.o(.ARM.Collect$$$$00000000) refers (Special) to entry5.o(.ARM.Collect$$$$00000004) for _main_scatterload
    entry.o(.ARM.Collect$$$$00000000) refers (Special) to entry2.o(.ARM.Collect$$$$00000001) for _main_stk
    entry2.o(.ARM.Collect$$$$00000001) refers to entry2.o(.ARM.Collect$$$$00002712) for __lit__00000000
    entry2.o(.ARM.Collect$$$$00002712) refers to startup_stm32f10x_hd.o(STACK) for __initial_sp
    entry2.o(__vectab_stack_and_reset_area) refers to startup_stm32f10x_hd.o(STACK) for __initial_sp
    entry2.o(__vectab_stack_and_reset_area) refers to entry.o(.ARM.Collect$$$$00000000) for __main
    entry5.o(.ARM.Collect$$$$00000004) refers to init.o(.text) for __scatterload
    entry9a.o(.ARM.Collect$$$$0000000B) refers to main.o(i.main) for main
    entry9b.o(.ARM.Collect$$$$0000000C) refers to main.o(i.main) for main
    init.o(.text) refers to entry5.o(.ARM.Collect$$$$00000004) for __main_after_scatterload


==============================================================================

Removing Unused input sections from the image.

    Removing main.o(i.BeiFen), (284 bytes).
    Removing main.o(i.CZ), (300 bytes).
    Removing main.o(i.Change_UID), (316 bytes).
    Removing main.o(i.Decrement), (416 bytes).
    Removing main.o(i.Increment), (416 bytes).
    Removing main.o(i.ModifyKey), (300 bytes).
    Removing main.o(i.RecoveryKey), (308 bytes).
    Removing main.o(i.hhh), (256 bytes).
    Removing system_stm32f10x.o(i.SystemCoreClockUpdate), (164 bytes).
    Removing sys.o(.emb_text), (6 bytes).
    Removing sys.o(i.INTX_DISABLE), (4 bytes).
    Removing sys.o(i.INTX_ENABLE), (4 bytes).
    Removing sys.o(i.WFI_SET), (4 bytes).
    Removing usart.o(i._sys_exit), (6 bytes).
    Removing usart.o(i.fputc), (28 bytes).
    Removing usart.o(.data), (4 bytes).
    Removing core_cm3.o(.emb_text), (32 bytes).
    Removing startup_stm32f10x_hd.o(HEAP), (512 bytes).
    Removing misc.o(i.NVIC_SetVectorTable), (20 bytes).
    Removing misc.o(i.NVIC_SystemLPConfig), (32 bytes).
    Removing stm32f10x_fsmc.o(i.FSMC_ClearFlag), (64 bytes).
    Removing stm32f10x_fsmc.o(i.FSMC_ClearITPendingBit), (72 bytes).
    Removing stm32f10x_fsmc.o(i.FSMC_GetECC), (28 bytes).
    Removing stm32f10x_fsmc.o(i.FSMC_GetFlagStatus), (56 bytes).
    Removing stm32f10x_fsmc.o(i.FSMC_GetITStatus), (68 bytes).
    Removing stm32f10x_fsmc.o(i.FSMC_ITConfig), (128 bytes).
    Removing stm32f10x_fsmc.o(i.FSMC_NANDCmd), (92 bytes).
    Removing stm32f10x_fsmc.o(i.FSMC_NANDDeInit), (68 bytes).
    Removing stm32f10x_fsmc.o(i.FSMC_NANDECCCmd), (92 bytes).
    Removing stm32f10x_fsmc.o(i.FSMC_NANDInit), (136 bytes).
    Removing stm32f10x_fsmc.o(i.FSMC_NANDStructInit), (54 bytes).
    Removing stm32f10x_fsmc.o(i.FSMC_NORSRAMCmd), (52 bytes).
    Removing stm32f10x_fsmc.o(i.FSMC_NORSRAMDeInit), (54 bytes).
    Removing stm32f10x_fsmc.o(i.FSMC_NORSRAMInit), (230 bytes).
    Removing stm32f10x_fsmc.o(i.FSMC_NORSRAMStructInit), (114 bytes).
    Removing stm32f10x_fsmc.o(i.FSMC_PCCARDCmd), (48 bytes).
    Removing stm32f10x_fsmc.o(i.FSMC_PCCARDDeInit), (40 bytes).
    Removing stm32f10x_fsmc.o(i.FSMC_PCCARDInit), (132 bytes).
    Removing stm32f10x_fsmc.o(i.FSMC_PCCARDStructInit), (60 bytes).
    Removing stm32f10x_gpio.o(i.GPIO_AFIODeInit), (20 bytes).
    Removing stm32f10x_gpio.o(i.GPIO_DeInit), (200 bytes).
    Removing stm32f10x_gpio.o(i.GPIO_ETH_MediaInterfaceConfig), (12 bytes).
    Removing stm32f10x_gpio.o(i.GPIO_EXTILineConfig), (64 bytes).
    Removing stm32f10x_gpio.o(i.GPIO_EventOutputCmd), (12 bytes).
    Removing stm32f10x_gpio.o(i.GPIO_EventOutputConfig), (32 bytes).
    Removing stm32f10x_gpio.o(i.GPIO_PinLockConfig), (18 bytes).
    Removing stm32f10x_gpio.o(i.GPIO_PinRemapConfig), (144 bytes).
    Removing stm32f10x_gpio.o(i.GPIO_ReadInputData), (8 bytes).
    Removing stm32f10x_gpio.o(i.GPIO_ReadInputDataBit), (18 bytes).
    Removing stm32f10x_gpio.o(i.GPIO_ReadOutputData), (8 bytes).
    Removing stm32f10x_gpio.o(i.GPIO_ReadOutputDataBit), (18 bytes).
    Removing stm32f10x_gpio.o(i.GPIO_StructInit), (16 bytes).
    Removing stm32f10x_gpio.o(i.GPIO_Write), (4 bytes).
    Removing stm32f10x_gpio.o(i.GPIO_WriteBit), (10 bytes).
    Removing stm32f10x_rcc.o(i.RCC_ADCCLKConfig), (24 bytes).
    Removing stm32f10x_rcc.o(i.RCC_AHBPeriphClockCmd), (32 bytes).
    Removing stm32f10x_rcc.o(i.RCC_APB1PeriphResetCmd), (32 bytes).
    Removing stm32f10x_rcc.o(i.RCC_APB2PeriphResetCmd), (32 bytes).
    Removing stm32f10x_rcc.o(i.RCC_AdjustHSICalibrationValue), (24 bytes).
    Removing stm32f10x_rcc.o(i.RCC_BackupResetCmd), (12 bytes).
    Removing stm32f10x_rcc.o(i.RCC_ClearFlag), (20 bytes).
    Removing stm32f10x_rcc.o(i.RCC_ClearITPendingBit), (12 bytes).
    Removing stm32f10x_rcc.o(i.RCC_ClockSecuritySystemCmd), (12 bytes).
    Removing stm32f10x_rcc.o(i.RCC_DeInit), (76 bytes).
    Removing stm32f10x_rcc.o(i.RCC_GetFlagStatus), (60 bytes).
    Removing stm32f10x_rcc.o(i.RCC_GetITStatus), (24 bytes).
    Removing stm32f10x_rcc.o(i.RCC_GetSYSCLKSource), (16 bytes).
    Removing stm32f10x_rcc.o(i.RCC_HCLKConfig), (24 bytes).
    Removing stm32f10x_rcc.o(i.RCC_HSEConfig), (76 bytes).
    Removing stm32f10x_rcc.o(i.RCC_HSICmd), (12 bytes).
    Removing stm32f10x_rcc.o(i.RCC_ITConfig), (32 bytes).
    Removing stm32f10x_rcc.o(i.RCC_LSEConfig), (52 bytes).
    Removing stm32f10x_rcc.o(i.RCC_LSICmd), (12 bytes).
    Removing stm32f10x_rcc.o(i.RCC_MCOConfig), (12 bytes).
    Removing stm32f10x_rcc.o(i.RCC_PCLK1Config), (24 bytes).
    Removing stm32f10x_rcc.o(i.RCC_PCLK2Config), (24 bytes).
    Removing stm32f10x_rcc.o(i.RCC_PLLCmd), (12 bytes).
    Removing stm32f10x_rcc.o(i.RCC_PLLConfig), (28 bytes).
    Removing stm32f10x_rcc.o(i.RCC_RTCCLKCmd), (12 bytes).
    Removing stm32f10x_rcc.o(i.RCC_RTCCLKConfig), (16 bytes).
    Removing stm32f10x_rcc.o(i.RCC_SYSCLKConfig), (24 bytes).
    Removing stm32f10x_rcc.o(i.RCC_USBCLKConfig), (12 bytes).
    Removing stm32f10x_rcc.o(i.RCC_WaitForHSEStartUp), (56 bytes).
    Removing stm32f10x_sdio.o(i.SDIO_CEATAITCmd), (16 bytes).
    Removing stm32f10x_sdio.o(i.SDIO_ClearFlag), (12 bytes).
    Removing stm32f10x_sdio.o(i.SDIO_ClearITPendingBit), (12 bytes).
    Removing stm32f10x_sdio.o(i.SDIO_ClockCmd), (12 bytes).
    Removing stm32f10x_sdio.o(i.SDIO_CmdStructInit), (14 bytes).
    Removing stm32f10x_sdio.o(i.SDIO_CommandCompletionCmd), (12 bytes).
    Removing stm32f10x_sdio.o(i.SDIO_DMACmd), (12 bytes).
    Removing stm32f10x_sdio.o(i.SDIO_DataConfig), (48 bytes).
    Removing stm32f10x_sdio.o(i.SDIO_DataStructInit), (20 bytes).
    Removing stm32f10x_sdio.o(i.SDIO_DeInit), (36 bytes).
    Removing stm32f10x_sdio.o(i.SDIO_GetCommandResponse), (12 bytes).
    Removing stm32f10x_sdio.o(i.SDIO_GetDataCounter), (12 bytes).
    Removing stm32f10x_sdio.o(i.SDIO_GetFIFOCount), (12 bytes).
    Removing stm32f10x_sdio.o(i.SDIO_GetFlagStatus), (24 bytes).
    Removing stm32f10x_sdio.o(i.SDIO_GetITStatus), (24 bytes).
    Removing stm32f10x_sdio.o(i.SDIO_GetPowerState), (16 bytes).
    Removing stm32f10x_sdio.o(i.SDIO_GetResponse), (24 bytes).
    Removing stm32f10x_sdio.o(i.SDIO_ITConfig), (32 bytes).
    Removing stm32f10x_sdio.o(i.SDIO_Init), (48 bytes).
    Removing stm32f10x_sdio.o(i.SDIO_ReadData), (12 bytes).
    Removing stm32f10x_sdio.o(i.SDIO_SendCEATACmd), (12 bytes).
    Removing stm32f10x_sdio.o(i.SDIO_SendCommand), (44 bytes).
    Removing stm32f10x_sdio.o(i.SDIO_SendSDIOSuspendCmd), (12 bytes).
    Removing stm32f10x_sdio.o(i.SDIO_SetPowerState), (28 bytes).
    Removing stm32f10x_sdio.o(i.SDIO_SetSDIOOperation), (12 bytes).
    Removing stm32f10x_sdio.o(i.SDIO_SetSDIOReadWaitMode), (12 bytes).
    Removing stm32f10x_sdio.o(i.SDIO_StartSDIOReadWait), (12 bytes).
    Removing stm32f10x_sdio.o(i.SDIO_StopSDIOReadWait), (12 bytes).
    Removing stm32f10x_sdio.o(i.SDIO_StructInit), (16 bytes).
    Removing stm32f10x_sdio.o(i.SDIO_WriteData), (12 bytes).
    Removing stm32f10x_spi.o(i.I2S_Cmd), (24 bytes).
    Removing stm32f10x_spi.o(i.I2S_Init), (232 bytes).
    Removing stm32f10x_spi.o(i.I2S_StructInit), (20 bytes).
    Removing stm32f10x_spi.o(i.SPI_BiDirectionalLineConfig), (28 bytes).
    Removing stm32f10x_spi.o(i.SPI_CalculateCRC), (24 bytes).
    Removing stm32f10x_spi.o(i.SPI_DataSizeConfig), (18 bytes).
    Removing stm32f10x_spi.o(i.SPI_GetCRC), (16 bytes).
    Removing stm32f10x_spi.o(i.SPI_GetCRCPolynomial), (6 bytes).
    Removing stm32f10x_spi.o(i.SPI_I2S_ClearFlag), (6 bytes).
    Removing stm32f10x_spi.o(i.SPI_I2S_ClearITPendingBit), (20 bytes).
    Removing stm32f10x_spi.o(i.SPI_I2S_DMACmd), (18 bytes).
    Removing stm32f10x_spi.o(i.SPI_I2S_DeInit), (88 bytes).
    Removing stm32f10x_spi.o(i.SPI_I2S_GetITStatus), (52 bytes).
    Removing stm32f10x_spi.o(i.SPI_I2S_ITConfig), (32 bytes).
    Removing stm32f10x_spi.o(i.SPI_NSSInternalSoftwareConfig), (30 bytes).
    Removing stm32f10x_spi.o(i.SPI_SSOutputCmd), (24 bytes).
    Removing stm32f10x_spi.o(i.SPI_StructInit), (24 bytes).
    Removing stm32f10x_spi.o(i.SPI_TransmitCRC), (10 bytes).
    Removing stm32f10x_usart.o(i.USART_ClearFlag), (18 bytes).
    Removing stm32f10x_usart.o(i.USART_ClockInit), (34 bytes).
    Removing stm32f10x_usart.o(i.USART_ClockStructInit), (12 bytes).
    Removing stm32f10x_usart.o(i.USART_DMACmd), (18 bytes).
    Removing stm32f10x_usart.o(i.USART_DeInit), (156 bytes).
    Removing stm32f10x_usart.o(i.USART_HalfDuplexCmd), (24 bytes).
    Removing stm32f10x_usart.o(i.USART_IrDACmd), (24 bytes).
    Removing stm32f10x_usart.o(i.USART_IrDAConfig), (18 bytes).
    Removing stm32f10x_usart.o(i.USART_LINBreakDetectLengthConfig), (18 bytes).
    Removing stm32f10x_usart.o(i.USART_LINCmd), (24 bytes).
    Removing stm32f10x_usart.o(i.USART_OneBitMethodCmd), (24 bytes).
    Removing stm32f10x_usart.o(i.USART_OverSampling8Cmd), (22 bytes).
    Removing stm32f10x_usart.o(i.USART_ReceiverWakeUpCmd), (24 bytes).
    Removing stm32f10x_usart.o(i.USART_SendBreak), (10 bytes).
    Removing stm32f10x_usart.o(i.USART_SetAddress), (18 bytes).
    Removing stm32f10x_usart.o(i.USART_SetGuardTime), (16 bytes).
    Removing stm32f10x_usart.o(i.USART_SetPrescaler), (16 bytes).
    Removing stm32f10x_usart.o(i.USART_SmartCardCmd), (24 bytes).
    Removing stm32f10x_usart.o(i.USART_SmartCardNACKCmd), (24 bytes).
    Removing stm32f10x_usart.o(i.USART_StructInit), (24 bytes).
    Removing stm32f10x_usart.o(i.USART_WakeUpConfig), (18 bytes).
    Removing rc522.o(i.DataDecrypt), (58 bytes).
    Removing rc522.o(i.M500PcdConfigISOType), (98 bytes).
    Removing rc522.o(i.MoveBits), (112 bytes).
    Removing rc522.o(i.PcdBakValue), (198 bytes).
    Removing rc522.o(i.PcdHalt), (52 bytes).
    Removing rc522.o(i.PcdValue), (190 bytes).
    Removing spi.o(i.spi_setspeed), (40 bytes).

159 unused section(s) (total 8956 bytes) removed from the image.

==============================================================================

Image Symbol Table

    Local Symbols

    Symbol Name                              Value     Ov Type        Size  Object(Section)

    ../clib/microlib/init/entry.s            0x00000000   Number         0  entry8a.o ABSOLUTE
    ../clib/microlib/init/entry.s            0x00000000   Number         0  entry5.o ABSOLUTE
    ../clib/microlib/init/entry.s            0x00000000   Number         0  entry10a.o ABSOLUTE
    ../clib/microlib/init/entry.s            0x00000000   Number         0  entry9b.o ABSOLUTE
    ../clib/microlib/init/entry.s            0x00000000   Number         0  entry9a.o ABSOLUTE
    ../clib/microlib/init/entry.s            0x00000000   Number         0  entry2.o ABSOLUTE
    ../clib/microlib/init/entry.s            0x00000000   Number         0  entry11b.o ABSOLUTE
    ../clib/microlib/init/entry.s            0x00000000   Number         0  entry11a.o ABSOLUTE
    ../clib/microlib/init/entry.s            0x00000000   Number         0  entry10b.o ABSOLUTE
    ../clib/microlib/init/entry.s            0x00000000   Number         0  entry7b.o ABSOLUTE
    ../clib/microlib/init/entry.s            0x00000000   Number         0  entry7a.o ABSOLUTE
    ../clib/microlib/init/entry.s            0x00000000   Number         0  entry.o ABSOLUTE
    ../clib/microlib/init/entry.s            0x00000000   Number         0  entry8b.o ABSOLUTE
    ../clib/microlib/string/memset.c         0x00000000   Number         0  memseta.o ABSOLUTE
    ../clib/microlib/stubs.s                 0x00000000   Number         0  useno.o ABSOLUTE
    ..\CORE\core_cm3.c                       0x00000000   Number         0  core_cm3.o ABSOLUTE
    ..\CORE\startup_stm32f10x_hd.s           0x00000000   Number         0  startup_stm32f10x_hd.o ABSOLUTE
    ..\PERIPH\RFID\rc522.c                   0x00000000   Number         0  rc522.o ABSOLUTE
    ..\PERIPH\ledkey\ledkey.c                0x00000000   Number         0  ledkey.o ABSOLUTE
    ..\PERIPH\spi\spi.c                      0x00000000   Number         0  spi.o ABSOLUTE
    ..\STM32F10x_FWLib\src\misc.c            0x00000000   Number         0  misc.o ABSOLUTE
    ..\STM32F10x_FWLib\src\stm32f10x_fsmc.c  0x00000000   Number         0  stm32f10x_fsmc.o ABSOLUTE
    ..\STM32F10x_FWLib\src\stm32f10x_gpio.c  0x00000000   Number         0  stm32f10x_gpio.o ABSOLUTE
    ..\STM32F10x_FWLib\src\stm32f10x_rcc.c   0x00000000   Number         0  stm32f10x_rcc.o ABSOLUTE
    ..\STM32F10x_FWLib\src\stm32f10x_sdio.c  0x00000000   Number         0  stm32f10x_sdio.o ABSOLUTE
    ..\STM32F10x_FWLib\src\stm32f10x_spi.c   0x00000000   Number         0  stm32f10x_spi.o ABSOLUTE
    ..\STM32F10x_FWLib\src\stm32f10x_usart.c 0x00000000   Number         0  stm32f10x_usart.o ABSOLUTE
    ..\SYSTEM\delay\delay.c                  0x00000000   Number         0  delay.o ABSOLUTE
    ..\SYSTEM\sys\sys.c                      0x00000000   Number         0  sys.o ABSOLUTE
    ..\SYSTEM\usart\usart.c                  0x00000000   Number         0  usart.o ABSOLUTE
    ..\\CORE\\core_cm3.c                     0x00000000   Number         0  core_cm3.o ABSOLUTE
    ..\\SYSTEM\\sys\\sys.c                   0x00000000   Number         0  sys.o ABSOLUTE
    dc.s                                     0x00000000   Number         0  dc.o ABSOLUTE
    handlers.s                               0x00000000   Number         0  handlers.o ABSOLUTE
    init.s                                   0x00000000   Number         0  init.o ABSOLUTE
    main.c                                   0x00000000   Number         0  main.o ABSOLUTE
    stm32f10x_it.c                           0x00000000   Number         0  stm32f10x_it.o ABSOLUTE
    system_stm32f10x.c                       0x00000000   Number         0  system_stm32f10x.o ABSOLUTE
    RESET                                    0x08000000   Section      304  startup_stm32f10x_hd.o(RESET)
    .ARM.Collect$$$$00000000                 0x08000130   Section        0  entry.o(.ARM.Collect$$$$00000000)
    .ARM.Collect$$$$00000001                 0x08000130   Section        4  entry2.o(.ARM.Collect$$$$00000001)
    .ARM.Collect$$$$00000004                 0x08000134   Section        4  entry5.o(.ARM.Collect$$$$00000004)
    .ARM.Collect$$$$00000008                 0x08000138   Section        0  entry7b.o(.ARM.Collect$$$$00000008)
    .ARM.Collect$$$$0000000A                 0x08000138   Section        0  entry8b.o(.ARM.Collect$$$$0000000A)
    .ARM.Collect$$$$0000000B                 0x08000138   Section        8  entry9a.o(.ARM.Collect$$$$0000000B)
    .ARM.Collect$$$$0000000D                 0x08000140   Section        0  entry10a.o(.ARM.Collect$$$$0000000D)
    .ARM.Collect$$$$0000000F                 0x08000140   Section        0  entry11a.o(.ARM.Collect$$$$0000000F)
    .ARM.Collect$$$$00002712                 0x08000140   Section        4  entry2.o(.ARM.Collect$$$$00002712)
    __lit__00000000                          0x08000140   Data           4  entry2.o(.ARM.Collect$$$$00002712)
    .text                                    0x08000144   Section       36  startup_stm32f10x_hd.o(.text)
    .text                                    0x08000168   Section       36  init.o(.text)
    i.BusFault_Handler                       0x0800018c   Section        0  stm32f10x_it.o(i.BusFault_Handler)
    i.CalulateCRC                            0x08000190   Section        0  rc522.o(i.CalulateCRC)
    i.ClearBitMask                           0x080001fc   Section        0  rc522.o(i.ClearBitMask)
    i.Copy_ICdate                            0x08000218   Section        0  main.o(i.Copy_ICdate)
    i.DebugMon_Handler                       0x08000240   Section        0  stm32f10x_it.o(i.DebugMon_Handler)
    i.GPIO_Init                              0x08000242   Section        0  stm32f10x_gpio.o(i.GPIO_Init)
    i.GPIO_ResetBits                         0x08000358   Section        0  stm32f10x_gpio.o(i.GPIO_ResetBits)
    i.GPIO_SetBits                           0x0800035c   Section        0  stm32f10x_gpio.o(i.GPIO_SetBits)
    i.HardFault_Handler                      0x08000360   Section        0  stm32f10x_it.o(i.HardFault_Handler)
    i.MemManage_Handler                      0x08000364   Section        0  stm32f10x_it.o(i.MemManage_Handler)
    i.NMI_Handler                            0x08000368   Section        0  stm32f10x_it.o(i.NMI_Handler)
    i.NVIC_Init                              0x0800036c   Section        0  misc.o(i.NVIC_Init)
    i.NVIC_PriorityGroupConfig               0x080003dc   Section        0  misc.o(i.NVIC_PriorityGroupConfig)
    i.PcdAntennaOff                          0x080003f0   Section        0  rc522.o(i.PcdAntennaOff)
    i.PcdAntennaOn                           0x080003fc   Section        0  rc522.o(i.PcdAntennaOn)
    i.PcdAnticoll                            0x08000416   Section        0  rc522.o(i.PcdAnticoll)
    i.PcdAuthState                           0x08000486   Section        0  rc522.o(i.PcdAuthState)
    i.PcdComMF522                            0x080004e2   Section        0  rc522.o(i.PcdComMF522)
    i.PcdRead                                0x08000614   Section        0  rc522.o(i.PcdRead)
    i.PcdRequest                             0x08000660   Section        0  rc522.o(i.PcdRequest)
    i.PcdReset                               0x080006b4   Section        0  rc522.o(i.PcdReset)
    i.PcdSelect                              0x08000710   Section        0  rc522.o(i.PcdSelect)
    i.PcdWrite                               0x08000782   Section        0  rc522.o(i.PcdWrite)
    i.PendSV_Handler                         0x0800080c   Section        0  stm32f10x_it.o(i.PendSV_Handler)
    i.Printing                               0x08000810   Section        0  main.o(i.Printing)
    i.RCC_APB1PeriphClockCmd                 0x080008b0   Section        0  stm32f10x_rcc.o(i.RCC_APB1PeriphClockCmd)
    i.RCC_APB2PeriphClockCmd                 0x080008d0   Section        0  stm32f10x_rcc.o(i.RCC_APB2PeriphClockCmd)
    i.RCC_GetClocksFreq                      0x080008f0   Section        0  stm32f10x_rcc.o(i.RCC_GetClocksFreq)
    i.RFIDGPIO_Init                          0x080009c4   Section        0  rc522.o(i.RFIDGPIO_Init)
    i.ReadRawRC                              0x08000a34   Section        0  rc522.o(i.ReadRawRC)
    i.Read_ICdata                            0x08000a70   Section        0  main.o(i.Read_ICdata)
    i.Read_Key                               0x08000afc   Section        0  ledkey.o(i.Read_Key)
    i.Request_Anticoll_Select                0x08000b38   Section        0  main.o(i.Request_Anticoll_Select)
    i.SPI_Cmd                                0x08000bb8   Section        0  stm32f10x_spi.o(i.SPI_Cmd)
    i.SPI_I2S_GetFlagStatus                  0x08000bd0   Section        0  stm32f10x_spi.o(i.SPI_I2S_GetFlagStatus)
    i.SPI_I2S_ReceiveData                    0x08000be2   Section        0  stm32f10x_spi.o(i.SPI_I2S_ReceiveData)
    i.SPI_I2S_SendData                       0x08000be8   Section        0  stm32f10x_spi.o(i.SPI_I2S_SendData)
    i.SPI_Init                               0x08000bec   Section        0  stm32f10x_spi.o(i.SPI_Init)
    i.SVC_Handler                            0x08000c28   Section        0  stm32f10x_it.o(i.SVC_Handler)
    i.SetBitMask                             0x08000c2a   Section        0  rc522.o(i.SetBitMask)
    i.SetSysClock                            0x08000c46   Section        0  system_stm32f10x.o(i.SetSysClock)
    SetSysClock                              0x08000c47   Thumb Code     8  system_stm32f10x.o(i.SetSysClock)
    i.SetSysClockTo72                        0x08000c50   Section        0  system_stm32f10x.o(i.SetSysClockTo72)
    SetSysClockTo72                          0x08000c51   Thumb Code   214  system_stm32f10x.o(i.SetSysClockTo72)
    i.SysTick_CLKSourceConfig                0x08000d30   Section        0  misc.o(i.SysTick_CLKSourceConfig)
    i.SysTick_Handler                        0x08000d58   Section        0  stm32f10x_it.o(i.SysTick_Handler)
    i.SystemInit                             0x08000d5c   Section        0  system_stm32f10x.o(i.SystemInit)
    i.USART1_IRQHandler                      0x08000dbc   Section        0  usart.o(i.USART1_IRQHandler)
    i.USART_ClearITPendingBit                0x08000dec   Section        0  stm32f10x_usart.o(i.USART_ClearITPendingBit)
    i.USART_Cmd                              0x08000e0a   Section        0  stm32f10x_usart.o(i.USART_Cmd)
    i.USART_GetFlagStatus                    0x08000e22   Section        0  stm32f10x_usart.o(i.USART_GetFlagStatus)
    i.USART_GetITStatus                      0x08000e3c   Section        0  stm32f10x_usart.o(i.USART_GetITStatus)
    i.USART_ITConfig                         0x08000e90   Section        0  stm32f10x_usart.o(i.USART_ITConfig)
    i.USART_Init                             0x08000edc   Section        0  stm32f10x_usart.o(i.USART_Init)
    i.USART_ReceiveData                      0x08000fb4   Section        0  stm32f10x_usart.o(i.USART_ReceiveData)
    i.USART_SendData                         0x08000fbe   Section        0  stm32f10x_usart.o(i.USART_SendData)
    i.UsageFault_Handler                     0x08000fc6   Section        0  stm32f10x_it.o(i.UsageFault_Handler)
    i.WriteRawRC                             0x08000fcc   Section        0  rc522.o(i.WriteRawRC)
    i.Write_ICdata                           0x08001000   Section        0  main.o(i.Write_ICdata)
    i.__scatterload_copy                     0x080010a8   Section       14  handlers.o(i.__scatterload_copy)
    i.__scatterload_null                     0x080010b6   Section        2  handlers.o(i.__scatterload_null)
    i.__scatterload_zeroinit                 0x080010b8   Section       14  handlers.o(i.__scatterload_zeroinit)
    i.delay_init                             0x080010c8   Section        0  delay.o(i.delay_init)
    i.delay_ms                               0x0800110c   Section        0  delay.o(i.delay_ms)
    i.delay_us                               0x08001158   Section        0  delay.o(i.delay_us)
    i.key_init                               0x080011a4   Section        0  ledkey.o(i.key_init)
    i.led_init                               0x080011c8   Section        0  ledkey.o(i.led_init)
    i.main                                   0x08001224   Section        0  main.o(i.main)
    i.spi2_init                              0x080012f0   Section        0  spi.o(i.spi2_init)
    i.spi2_readwritebyte                     0x080013a0   Section        0  spi.o(i.spi2_readwritebyte)
    i.trans                                  0x080013f4   Section        0  rc522.o(i.trans)
    i.usart1_init                            0x0800140c   Section        0  usart.o(i.usart1_init)
    i.usart1_sendstring                      0x080014ac   Section        0  usart.o(i.usart1_sendstring)
    .data                                    0x20000000   Section      197  main.o(.data)
    .data                                    0x200000c8   Section       20  system_stm32f10x.o(.data)
    .data                                    0x200000dc   Section        4  delay.o(.data)
    fac_us                                   0x200000dc   Data           1  delay.o(.data)
    fac_ms                                   0x200000de   Data           2  delay.o(.data)
    .data                                    0x200000e0   Section       20  stm32f10x_rcc.o(.data)
    APBAHBPrescTable                         0x200000e0   Data          16  stm32f10x_rcc.o(.data)
    ADCPrescTable                            0x200000f0   Data           4  stm32f10x_rcc.o(.data)
    .bss                                     0x200000f4   Section      784  main.o(.bss)
    STACK                                    0x20000408   Section     1024  startup_stm32f10x_hd.o(STACK)

    Global Symbols

    Symbol Name                              Value     Ov Type        Size  Object(Section)

    BuildAttributes$$THM_ISAv4$P$D$K$B$S$PE$A:L22UL41UL21$X:L11$S22US41US21$IEEE1$IW$USESV6$~STKCKD$USESV7$~SHL$OSPACE$EBA8$MICROLIB$REQ8$PRES8$EABIv2 0x00000000   Number         0  anon$$obj.o ABSOLUTE
    __ARM_use_no_argv                        0x00000000   Number         0  main.o ABSOLUTE
    __use_no_errno                           0x00000000   Number         0  useno.o ABSOLUTE
    __use_no_exception_handling              0x00000000   Number         0  useno.o ABSOLUTE
    __use_no_fp                              0x00000000   Number         0  useno.o ABSOLUTE
    __use_no_heap                            0x00000000   Number         0  useno.o ABSOLUTE
    __use_no_heap_region                     0x00000000   Number         0  useno.o ABSOLUTE
    __use_no_semihosting                     0x00000000   Number         0  useno.o ABSOLUTE
    __use_no_semihosting_swi                 0x00000000   Number         0  useno.o ABSOLUTE
    __use_no_signal_handling                 0x00000000   Number         0  useno.o ABSOLUTE
    __cpp_initialize__aeabi_                  - Undefined Weak Reference
    __cxa_finalize                            - Undefined Weak Reference
    __decompress                              - Undefined Weak Reference
    _clock_init                               - Undefined Weak Reference
    _microlib_exit                            - Undefined Weak Reference
    __Vectors_Size                           0x00000130   Number         0  startup_stm32f10x_hd.o ABSOLUTE
    __Vectors                                0x08000000   Data           4  startup_stm32f10x_hd.o(RESET)
    __Vectors_End                            0x08000130   Data           0  startup_stm32f10x_hd.o(RESET)
    __main                                   0x08000131   Thumb Code     0  entry.o(.ARM.Collect$$$$00000000)
    _main_stk                                0x08000131   Thumb Code     0  entry2.o(.ARM.Collect$$$$00000001)
    _main_scatterload                        0x08000135   Thumb Code     0  entry5.o(.ARM.Collect$$$$00000004)
    __main_after_scatterload                 0x08000139   Thumb Code     0  entry5.o(.ARM.Collect$$$$00000004)
    _main_clock                              0x08000139   Thumb Code     0  entry7b.o(.ARM.Collect$$$$00000008)
    _main_cpp_init                           0x08000139   Thumb Code     0  entry8b.o(.ARM.Collect$$$$0000000A)
    _main_init                               0x08000139   Thumb Code     0  entry9a.o(.ARM.Collect$$$$0000000B)
    __rt_final_cpp                           0x08000141   Thumb Code     0  entry10a.o(.ARM.Collect$$$$0000000D)
    __rt_final_exit                          0x08000141   Thumb Code     0  entry11a.o(.ARM.Collect$$$$0000000F)
    Reset_Handler                            0x08000145   Thumb Code     8  startup_stm32f10x_hd.o(.text)
    ADC1_2_IRQHandler                        0x0800015f   Thumb Code     0  startup_stm32f10x_hd.o(.text)
    ADC3_IRQHandler                          0x0800015f   Thumb Code     0  startup_stm32f10x_hd.o(.text)
    CAN1_RX1_IRQHandler                      0x0800015f   Thumb Code     0  startup_stm32f10x_hd.o(.text)
    CAN1_SCE_IRQHandler                      0x0800015f   Thumb Code     0  startup_stm32f10x_hd.o(.text)
    DMA1_Channel1_IRQHandler                 0x0800015f   Thumb Code     0  startup_stm32f10x_hd.o(.text)
    DMA1_Channel2_IRQHandler                 0x0800015f   Thumb Code     0  startup_stm32f10x_hd.o(.text)
    DMA1_Channel3_IRQHandler                 0x0800015f   Thumb Code     0  startup_stm32f10x_hd.o(.text)
    DMA1_Channel4_IRQHandler                 0x0800015f   Thumb Code     0  startup_stm32f10x_hd.o(.text)
    DMA1_Channel5_IRQHandler                 0x0800015f   Thumb Code     0  startup_stm32f10x_hd.o(.text)
    DMA1_Channel6_IRQHandler                 0x0800015f   Thumb Code     0  startup_stm32f10x_hd.o(.text)
    DMA1_Channel7_IRQHandler                 0x0800015f   Thumb Code     0  startup_stm32f10x_hd.o(.text)
    DMA2_Channel1_IRQHandler                 0x0800015f   Thumb Code     0  startup_stm32f10x_hd.o(.text)
    DMA2_Channel2_IRQHandler                 0x0800015f   Thumb Code     0  startup_stm32f10x_hd.o(.text)
    DMA2_Channel3_IRQHandler                 0x0800015f   Thumb Code     0  startup_stm32f10x_hd.o(.text)
    DMA2_Channel4_5_IRQHandler               0x0800015f   Thumb Code     0  startup_stm32f10x_hd.o(.text)
    EXTI0_IRQHandler                         0x0800015f   Thumb Code     0  startup_stm32f10x_hd.o(.text)
    EXTI15_10_IRQHandler                     0x0800015f   Thumb Code     0  startup_stm32f10x_hd.o(.text)
    EXTI1_IRQHandler                         0x0800015f   Thumb Code     0  startup_stm32f10x_hd.o(.text)
    EXTI2_IRQHandler                         0x0800015f   Thumb Code     0  startup_stm32f10x_hd.o(.text)
    EXTI3_IRQHandler                         0x0800015f   Thumb Code     0  startup_stm32f10x_hd.o(.text)
    EXTI4_IRQHandler                         0x0800015f   Thumb Code     0  startup_stm32f10x_hd.o(.text)
    EXTI9_5_IRQHandler                       0x0800015f   Thumb Code     0  startup_stm32f10x_hd.o(.text)
    FLASH_IRQHandler                         0x0800015f   Thumb Code     0  startup_stm32f10x_hd.o(.text)
    FSMC_IRQHandler                          0x0800015f   Thumb Code     0  startup_stm32f10x_hd.o(.text)
    I2C1_ER_IRQHandler                       0x0800015f   Thumb Code     0  startup_stm32f10x_hd.o(.text)
    I2C1_EV_IRQHandler                       0x0800015f   Thumb Code     0  startup_stm32f10x_hd.o(.text)
    I2C2_ER_IRQHandler                       0x0800015f   Thumb Code     0  startup_stm32f10x_hd.o(.text)
    I2C2_EV_IRQHandler                       0x0800015f   Thumb Code     0  startup_stm32f10x_hd.o(.text)
    PVD_IRQHandler                           0x0800015f   Thumb Code     0  startup_stm32f10x_hd.o(.text)
    RCC_IRQHandler                           0x0800015f   Thumb Code     0  startup_stm32f10x_hd.o(.text)
    RTCAlarm_IRQHandler                      0x0800015f   Thumb Code     0  startup_stm32f10x_hd.o(.text)
    RTC_IRQHandler                           0x0800015f   Thumb Code     0  startup_stm32f10x_hd.o(.text)
    SDIO_IRQHandler                          0x0800015f   Thumb Code     0  startup_stm32f10x_hd.o(.text)
    SPI1_IRQHandler                          0x0800015f   Thumb Code     0  startup_stm32f10x_hd.o(.text)
    SPI2_IRQHandler                          0x0800015f   Thumb Code     0  startup_stm32f10x_hd.o(.text)
    SPI3_IRQHandler                          0x0800015f   Thumb Code     0  startup_stm32f10x_hd.o(.text)
    TAMPER_IRQHandler                        0x0800015f   Thumb Code     0  startup_stm32f10x_hd.o(.text)
    TIM1_BRK_IRQHandler                      0x0800015f   Thumb Code     0  startup_stm32f10x_hd.o(.text)
    TIM1_CC_IRQHandler                       0x0800015f   Thumb Code     0  startup_stm32f10x_hd.o(.text)
    TIM1_TRG_COM_IRQHandler                  0x0800015f   Thumb Code     0  startup_stm32f10x_hd.o(.text)
    TIM1_UP_IRQHandler                       0x0800015f   Thumb Code     0  startup_stm32f10x_hd.o(.text)
    TIM2_IRQHandler                          0x0800015f   Thumb Code     0  startup_stm32f10x_hd.o(.text)
    TIM3_IRQHandler                          0x0800015f   Thumb Code     0  startup_stm32f10x_hd.o(.text)
    TIM4_IRQHandler                          0x0800015f   Thumb Code     0  startup_stm32f10x_hd.o(.text)
    TIM5_IRQHandler                          0x0800015f   Thumb Code     0  startup_stm32f10x_hd.o(.text)
    TIM6_IRQHandler                          0x0800015f   Thumb Code     0  startup_stm32f10x_hd.o(.text)
    TIM7_IRQHandler                          0x0800015f   Thumb Code     0  startup_stm32f10x_hd.o(.text)
    TIM8_BRK_IRQHandler                      0x0800015f   Thumb Code     0  startup_stm32f10x_hd.o(.text)
    TIM8_CC_IRQHandler                       0x0800015f   Thumb Code     0  startup_stm32f10x_hd.o(.text)
    TIM8_TRG_COM_IRQHandler                  0x0800015f   Thumb Code     0  startup_stm32f10x_hd.o(.text)
    TIM8_UP_IRQHandler                       0x0800015f   Thumb Code     0  startup_stm32f10x_hd.o(.text)
    UART4_IRQHandler                         0x0800015f   Thumb Code     0  startup_stm32f10x_hd.o(.text)
    UART5_IRQHandler                         0x0800015f   Thumb Code     0  startup_stm32f10x_hd.o(.text)
    USART2_IRQHandler                        0x0800015f   Thumb Code     0  startup_stm32f10x_hd.o(.text)
    USART3_IRQHandler                        0x0800015f   Thumb Code     0  startup_stm32f10x_hd.o(.text)
    USBWakeUp_IRQHandler                     0x0800015f   Thumb Code     0  startup_stm32f10x_hd.o(.text)
    USB_HP_CAN1_TX_IRQHandler                0x0800015f   Thumb Code     0  startup_stm32f10x_hd.o(.text)
    USB_LP_CAN1_RX0_IRQHandler               0x0800015f   Thumb Code     0  startup_stm32f10x_hd.o(.text)
    WWDG_IRQHandler                          0x0800015f   Thumb Code     0  startup_stm32f10x_hd.o(.text)
    __scatterload                            0x08000169   Thumb Code    28  init.o(.text)
    __scatterload_rt2                        0x08000169   Thumb Code     0  init.o(.text)
    BusFault_Handler                         0x0800018d   Thumb Code     4  stm32f10x_it.o(i.BusFault_Handler)
    CalulateCRC                              0x08000191   Thumb Code   108  rc522.o(i.CalulateCRC)
    ClearBitMask                             0x080001fd   Thumb Code    28  rc522.o(i.ClearBitMask)
    Copy_ICdate                              0x08000219   Thumb Code    28  main.o(i.Copy_ICdate)
    DebugMon_Handler                         0x08000241   Thumb Code     2  stm32f10x_it.o(i.DebugMon_Handler)
    GPIO_Init                                0x08000243   Thumb Code   278  stm32f10x_gpio.o(i.GPIO_Init)
    GPIO_ResetBits                           0x08000359   Thumb Code     4  stm32f10x_gpio.o(i.GPIO_ResetBits)
    GPIO_SetBits                             0x0800035d   Thumb Code     4  stm32f10x_gpio.o(i.GPIO_SetBits)
    HardFault_Handler                        0x08000361   Thumb Code     4  stm32f10x_it.o(i.HardFault_Handler)
    MemManage_Handler                        0x08000365   Thumb Code     4  stm32f10x_it.o(i.MemManage_Handler)
    NMI_Handler                              0x08000369   Thumb Code     2  stm32f10x_it.o(i.NMI_Handler)
    NVIC_Init                                0x0800036d   Thumb Code   100  misc.o(i.NVIC_Init)
    NVIC_PriorityGroupConfig                 0x080003dd   Thumb Code    10  misc.o(i.NVIC_PriorityGroupConfig)
    PcdAntennaOff                            0x080003f1   Thumb Code    12  rc522.o(i.PcdAntennaOff)
    PcdAntennaOn                             0x080003fd   Thumb Code    26  rc522.o(i.PcdAntennaOn)
    PcdAnticoll                              0x08000417   Thumb Code   112  rc522.o(i.PcdAnticoll)
    PcdAuthState                             0x08000487   Thumb Code    92  rc522.o(i.PcdAuthState)
    PcdComMF522                              0x080004e3   Thumb Code   306  rc522.o(i.PcdComMF522)
    PcdRead                                  0x08000615   Thumb Code    76  rc522.o(i.PcdRead)
    PcdRequest                               0x08000661   Thumb Code    84  rc522.o(i.PcdRequest)
    PcdReset                                 0x080006b5   Thumb Code    88  rc522.o(i.PcdReset)
    PcdSelect                                0x08000711   Thumb Code   114  rc522.o(i.PcdSelect)
    PcdWrite                                 0x08000783   Thumb Code   138  rc522.o(i.PcdWrite)
    PendSV_Handler                           0x0800080d   Thumb Code     2  stm32f10x_it.o(i.PendSV_Handler)
    Printing                                 0x08000811   Thumb Code   142  main.o(i.Printing)
    RCC_APB1PeriphClockCmd                   0x080008b1   Thumb Code    26  stm32f10x_rcc.o(i.RCC_APB1PeriphClockCmd)
    RCC_APB2PeriphClockCmd                   0x080008d1   Thumb Code    26  stm32f10x_rcc.o(i.RCC_APB2PeriphClockCmd)
    RCC_GetClocksFreq                        0x080008f1   Thumb Code   192  stm32f10x_rcc.o(i.RCC_GetClocksFreq)
    RFIDGPIO_Init                            0x080009c5   Thumb Code   106  rc522.o(i.RFIDGPIO_Init)
    ReadRawRC                                0x08000a35   Thumb Code    54  rc522.o(i.ReadRawRC)
    Read_ICdata                              0x08000a71   Thumb Code   118  main.o(i.Read_ICdata)
    Read_Key                                 0x08000afd   Thumb Code    54  ledkey.o(i.Read_Key)
    Request_Anticoll_Select                  0x08000b39   Thumb Code    86  main.o(i.Request_Anticoll_Select)
    SPI_Cmd                                  0x08000bb9   Thumb Code    24  stm32f10x_spi.o(i.SPI_Cmd)
    SPI_I2S_GetFlagStatus                    0x08000bd1   Thumb Code    18  stm32f10x_spi.o(i.SPI_I2S_GetFlagStatus)
    SPI_I2S_ReceiveData                      0x08000be3   Thumb Code     6  stm32f10x_spi.o(i.SPI_I2S_ReceiveData)
    SPI_I2S_SendData                         0x08000be9   Thumb Code     4  stm32f10x_spi.o(i.SPI_I2S_SendData)
    SPI_Init                                 0x08000bed   Thumb Code    60  stm32f10x_spi.o(i.SPI_Init)
    SVC_Handler                              0x08000c29   Thumb Code     2  stm32f10x_it.o(i.SVC_Handler)
    SetBitMask                               0x08000c2b   Thumb Code    28  rc522.o(i.SetBitMask)
    SysTick_CLKSourceConfig                  0x08000d31   Thumb Code    40  misc.o(i.SysTick_CLKSourceConfig)
    SysTick_Handler                          0x08000d59   Thumb Code     2  stm32f10x_it.o(i.SysTick_Handler)
    SystemInit                               0x08000d5d   Thumb Code    78  system_stm32f10x.o(i.SystemInit)
    USART1_IRQHandler                        0x08000dbd   Thumb Code    44  usart.o(i.USART1_IRQHandler)
    USART_ClearITPendingBit                  0x08000ded   Thumb Code    30  stm32f10x_usart.o(i.USART_ClearITPendingBit)
    USART_Cmd                                0x08000e0b   Thumb Code    24  stm32f10x_usart.o(i.USART_Cmd)
    USART_GetFlagStatus                      0x08000e23   Thumb Code    26  stm32f10x_usart.o(i.USART_GetFlagStatus)
    USART_GetITStatus                        0x08000e3d   Thumb Code    84  stm32f10x_usart.o(i.USART_GetITStatus)
    USART_ITConfig                           0x08000e91   Thumb Code    74  stm32f10x_usart.o(i.USART_ITConfig)
    USART_Init                               0x08000edd   Thumb Code   210  stm32f10x_usart.o(i.USART_Init)
    USART_ReceiveData                        0x08000fb5   Thumb Code    10  stm32f10x_usart.o(i.USART_ReceiveData)
    USART_SendData                           0x08000fbf   Thumb Code     8  stm32f10x_usart.o(i.USART_SendData)
    UsageFault_Handler                       0x08000fc7   Thumb Code     4  stm32f10x_it.o(i.UsageFault_Handler)
    WriteRawRC                               0x08000fcd   Thumb Code    46  rc522.o(i.WriteRawRC)
    Write_ICdata                             0x08001001   Thumb Code   140  main.o(i.Write_ICdata)
    __scatterload_copy                       0x080010a9   Thumb Code    14  handlers.o(i.__scatterload_copy)
    __scatterload_null                       0x080010b7   Thumb Code     2  handlers.o(i.__scatterload_null)
    __scatterload_zeroinit                   0x080010b9   Thumb Code    14  handlers.o(i.__scatterload_zeroinit)
    delay_init                               0x080010c9   Thumb Code    50  delay.o(i.delay_init)
    delay_ms                                 0x0800110d   Thumb Code    72  delay.o(i.delay_ms)
    delay_us                                 0x08001159   Thumb Code    72  delay.o(i.delay_us)
    key_init                                 0x080011a5   Thumb Code    32  ledkey.o(i.key_init)
    led_init                                 0x080011c9   Thumb Code    70  ledkey.o(i.led_init)
    main                                     0x08001225   Thumb Code   172  main.o(i.main)
    spi2_init                                0x080012f1   Thumb Code   166  spi.o(i.spi2_init)
    spi2_readwritebyte                       0x080013a1   Thumb Code    78  spi.o(i.spi2_readwritebyte)
    trans                                    0x080013f5   Thumb Code    22  rc522.o(i.trans)
    usart1_init                              0x0800140d   Thumb Code   150  usart.o(i.usart1_init)
    usart1_sendstring                        0x080014ad   Thumb Code    38  usart.o(i.usart1_sendstring)
    Region$$Table$$Base                      0x080014d8   Number         0  anon$$obj.o(Region$$Table)
    Region$$Table$$Limit                     0x080014f8   Number         0  anon$$obj.o(Region$$Table)
    Block                                    0x20000000   Data           1  main.o(.data)
    Card_Buffer                              0x20000001   Data           2  main.o(.data)
    Card_Type                                0x20000004   Data           2  main.o(.data)
    Card_ID                                  0x20000006   Data           4  main.o(.data)
    UID                                      0x2000000a   Data           5  main.o(.data)
    Temp                                     0x2000000f   Data           4  main.o(.data)
    i                                        0x20000013   Data           1  main.o(.data)
    table                                    0x20000014   Data          16  main.o(.data)
    Modify_Key                               0x20000024   Data           6  main.o(.data)
    Default_Key                              0x2000002a   Data           6  main.o(.data)
    DefaultValue                             0x20000030   Data          16  main.o(.data)
    User_Key                                 0x20000040   Data          96  main.o(.data)
    value_Buf                                0x200000a0   Data           4  main.o(.data)
    Write_Buffer                             0x200000a4   Data          16  main.o(.data)
    Write_Buffer1                            0x200000b4   Data          16  main.o(.data)
    Key_Flag                                 0x200000c4   Data           1  main.o(.data)
    SystemCoreClock                          0x200000c8   Data           4  system_stm32f10x.o(.data)
    AHBPrescTable                            0x200000cc   Data          16  system_stm32f10x.o(.data)
    Data_Buffer                              0x200000f4   Data          16  main.o(.bss)
    Card_Data                                0x20000104   Data         768  main.o(.bss)
    __initial_sp                             0x20000808   Data           0  startup_stm32f10x_hd.o(STACK)



==============================================================================

Memory Map of the image

  Image Entry point : 0x08000145

  Load Region LR_1 (Base: 0x08000000, Size: 0x000015ec, Max: 0xffffffff, ABSOLUTE)

    Execution Region ER_RO (Base: 0x08000000, Size: 0x000014f8, Max: 0xffffffff, ABSOLUTE)

    Base Addr    Size         Type   Attr      Idx    E Section Name        Object

    0x08000000   0x00000130   Data   RO          432    RESET               startup_stm32f10x_hd.o
    0x08000130   0x00000000   Code   RO         1612  * .ARM.Collect$$$$00000000  mc_w.l(entry.o)
    0x08000130   0x00000004   Code   RO         1617    .ARM.Collect$$$$00000001  mc_w.l(entry2.o)
    0x08000134   0x00000004   Code   RO         1620    .ARM.Collect$$$$00000004  mc_w.l(entry5.o)
    0x08000138   0x00000000   Code   RO         1622    .ARM.Collect$$$$00000008  mc_w.l(entry7b.o)
    0x08000138   0x00000000   Code   RO         1624    .ARM.Collect$$$$0000000A  mc_w.l(entry8b.o)
    0x08000138   0x00000008   Code   RO         1625    .ARM.Collect$$$$0000000B  mc_w.l(entry9a.o)
    0x08000140   0x00000000   Code   RO         1627    .ARM.Collect$$$$0000000D  mc_w.l(entry10a.o)
    0x08000140   0x00000000   Code   RO         1629    .ARM.Collect$$$$0000000F  mc_w.l(entry11a.o)
    0x08000140   0x00000004   Code   RO         1618    .ARM.Collect$$$$00002712  mc_w.l(entry2.o)
    0x08000144   0x00000024   Code   RO          433  * .text               startup_stm32f10x_hd.o
    0x08000168   0x00000024   Code   RO         1631    .text               mc_w.l(init.o)
    0x0800018c   0x00000004   Code   RO          199    i.BusFault_Handler  stm32f10x_it.o
    0x08000190   0x0000006c   Code   RO         1441    i.CalulateCRC       rc522.o
    0x080001fc   0x0000001c   Code   RO         1442    i.ClearBitMask      rc522.o
    0x08000218   0x00000028   Code   RO            4    i.Copy_ICdate       main.o
    0x08000240   0x00000002   Code   RO          200    i.DebugMon_Handler  stm32f10x_it.o
    0x08000242   0x00000116   Code   RO          599    i.GPIO_Init         stm32f10x_gpio.o
    0x08000358   0x00000004   Code   RO          606    i.GPIO_ResetBits    stm32f10x_gpio.o
    0x0800035c   0x00000004   Code   RO          607    i.GPIO_SetBits      stm32f10x_gpio.o
    0x08000360   0x00000004   Code   RO          201    i.HardFault_Handler  stm32f10x_it.o
    0x08000364   0x00000004   Code   RO          202    i.MemManage_Handler  stm32f10x_it.o
    0x08000368   0x00000002   Code   RO          203    i.NMI_Handler       stm32f10x_it.o
    0x0800036a   0x00000002   PAD
    0x0800036c   0x00000070   Code   RO          437    i.NVIC_Init         misc.o
    0x080003dc   0x00000014   Code   RO          438    i.NVIC_PriorityGroupConfig  misc.o
    0x080003f0   0x0000000c   Code   RO         1446    i.PcdAntennaOff     rc522.o
    0x080003fc   0x0000001a   Code   RO         1447    i.PcdAntennaOn      rc522.o
    0x08000416   0x00000070   Code   RO         1448    i.PcdAnticoll       rc522.o
    0x08000486   0x0000005c   Code   RO         1449    i.PcdAuthState      rc522.o
    0x080004e2   0x00000132   Code   RO         1451    i.PcdComMF522       rc522.o
    0x08000614   0x0000004c   Code   RO         1453    i.PcdRead           rc522.o
    0x08000660   0x00000054   Code   RO         1454    i.PcdRequest        rc522.o
    0x080006b4   0x0000005c   Code   RO         1455    i.PcdReset          rc522.o
    0x08000710   0x00000072   Code   RO         1456    i.PcdSelect         rc522.o
    0x08000782   0x0000008a   Code   RO         1458    i.PcdWrite          rc522.o
    0x0800080c   0x00000002   Code   RO          204    i.PendSV_Handler    stm32f10x_it.o
    0x0800080e   0x00000002   PAD
    0x08000810   0x000000a0   Code   RO            8    i.Printing          main.o
    0x080008b0   0x00000020   Code   RO          709    i.RCC_APB1PeriphClockCmd  stm32f10x_rcc.o
    0x080008d0   0x00000020   Code   RO          711    i.RCC_APB2PeriphClockCmd  stm32f10x_rcc.o
    0x080008f0   0x000000d4   Code   RO          719    i.RCC_GetClocksFreq  stm32f10x_rcc.o
    0x080009c4   0x00000070   Code   RO         1459    i.RFIDGPIO_Init     rc522.o
    0x08000a34   0x0000003c   Code   RO         1460    i.ReadRawRC         rc522.o
    0x08000a70   0x0000008c   Code   RO            9    i.Read_ICdata       main.o
    0x08000afc   0x0000003c   Code   RO         1417    i.Read_Key          ledkey.o
    0x08000b38   0x00000080   Code   RO           11    i.Request_Anticoll_Select  main.o
    0x08000bb8   0x00000018   Code   RO         1098    i.SPI_Cmd           stm32f10x_spi.o
    0x08000bd0   0x00000012   Code   RO         1106    i.SPI_I2S_GetFlagStatus  stm32f10x_spi.o
    0x08000be2   0x00000006   Code   RO         1109    i.SPI_I2S_ReceiveData  stm32f10x_spi.o
    0x08000be8   0x00000004   Code   RO         1110    i.SPI_I2S_SendData  stm32f10x_spi.o
    0x08000bec   0x0000003c   Code   RO         1111    i.SPI_Init          stm32f10x_spi.o
    0x08000c28   0x00000002   Code   RO          205    i.SVC_Handler       stm32f10x_it.o
    0x08000c2a   0x0000001c   Code   RO         1461    i.SetBitMask        rc522.o
    0x08000c46   0x00000008   Code   RO          262    i.SetSysClock       system_stm32f10x.o
    0x08000c4e   0x00000002   PAD
    0x08000c50   0x000000e0   Code   RO          263    i.SetSysClockTo72   system_stm32f10x.o
    0x08000d30   0x00000028   Code   RO          441    i.SysTick_CLKSourceConfig  misc.o
    0x08000d58   0x00000002   Code   RO          206    i.SysTick_Handler   stm32f10x_it.o
    0x08000d5a   0x00000002   PAD
    0x08000d5c   0x00000060   Code   RO          265    i.SystemInit        system_stm32f10x.o
    0x08000dbc   0x00000030   Code   RO          377    i.USART1_IRQHandler  usart.o
    0x08000dec   0x0000001e   Code   RO         1238    i.USART_ClearITPendingBit  stm32f10x_usart.o
    0x08000e0a   0x00000018   Code   RO         1241    i.USART_Cmd         stm32f10x_usart.o
    0x08000e22   0x0000001a   Code   RO         1244    i.USART_GetFlagStatus  stm32f10x_usart.o
    0x08000e3c   0x00000054   Code   RO         1245    i.USART_GetITStatus  stm32f10x_usart.o
    0x08000e90   0x0000004a   Code   RO         1247    i.USART_ITConfig    stm32f10x_usart.o
    0x08000eda   0x00000002   PAD
    0x08000edc   0x000000d8   Code   RO         1248    i.USART_Init        stm32f10x_usart.o
    0x08000fb4   0x0000000a   Code   RO         1255    i.USART_ReceiveData  stm32f10x_usart.o
    0x08000fbe   0x00000008   Code   RO         1258    i.USART_SendData    stm32f10x_usart.o
    0x08000fc6   0x00000004   Code   RO          207    i.UsageFault_Handler  stm32f10x_it.o
    0x08000fca   0x00000002   PAD
    0x08000fcc   0x00000034   Code   RO         1462    i.WriteRawRC        rc522.o
    0x08001000   0x000000a8   Code   RO           12    i.Write_ICdata      main.o
    0x080010a8   0x0000000e   Code   RO         1635    i.__scatterload_copy  mc_w.l(handlers.o)
    0x080010b6   0x00000002   Code   RO         1636    i.__scatterload_null  mc_w.l(handlers.o)
    0x080010b8   0x0000000e   Code   RO         1637    i.__scatterload_zeroinit  mc_w.l(handlers.o)
    0x080010c6   0x00000002   PAD
    0x080010c8   0x00000044   Code   RO          296    i.delay_init        delay.o
    0x0800110c   0x0000004c   Code   RO          297    i.delay_ms          delay.o
    0x08001158   0x0000004c   Code   RO          298    i.delay_us          delay.o
    0x080011a4   0x00000024   Code   RO         1418    i.key_init          ledkey.o
    0x080011c8   0x0000005c   Code   RO         1419    i.led_init          ledkey.o
    0x08001224   0x000000cc   Code   RO           14    i.main              main.o
    0x080012f0   0x000000b0   Code   RO         1588    i.spi2_init         spi.o
    0x080013a0   0x00000054   Code   RO         1589    i.spi2_readwritebyte  spi.o
    0x080013f4   0x00000016   Code   RO         1463    i.trans             rc522.o
    0x0800140a   0x00000002   PAD
    0x0800140c   0x000000a0   Code   RO          380    i.usart1_init       usart.o
    0x080014ac   0x0000002c   Code   RO          381    i.usart1_sendstring  usart.o
    0x080014d8   0x00000020   Data   RO         1633    Region$$Table       anon$$obj.o


    Execution Region ER_RW (Base: 0x20000000, Size: 0x000000f4, Max: 0xffffffff, ABSOLUTE)

    Base Addr    Size         Type   Attr      Idx    E Section Name        Object

    0x20000000   0x000000c5   Data   RW           16    .data               main.o
    0x200000c5   0x00000003   PAD
    0x200000c8   0x00000014   Data   RW          266    .data               system_stm32f10x.o
    0x200000dc   0x00000004   Data   RW          299    .data               delay.o
    0x200000e0   0x00000014   Data   RW          739    .data               stm32f10x_rcc.o


    Execution Region ER_ZI (Base: 0x200000f4, Size: 0x00000714, Max: 0xffffffff, ABSOLUTE)

    Base Addr    Size         Type   Attr      Idx    E Section Name        Object

    0x200000f4   0x00000310   Zero   RW           15    .bss                main.o
    0x20000404   0x00000004   PAD
    0x20000408   0x00000400   Zero   RW          430    STACK               startup_stm32f10x_hd.o


==============================================================================

Image component sizes


      Code (inc. data)   RO Data    RW Data    ZI Data      Debug   Object Name

       220         26          0          4          0     204911   delay.o
       188         32          0          0          0       1437   ledkey.o
       840        154          0        197        784     240959   main.o
       172         22          0          0          0       1921   misc.o
      1462         22          0          0          0      10746   rc522.o
       260         16          0          0          0       1205   spi.o
        36          8        304          0       1024        764   startup_stm32f10x_hd.o
       286          0          0          0          0       2904   stm32f10x_gpio.o
        26          0          0          0          0       3406   stm32f10x_it.o
       276         32          0         20          0       4270   stm32f10x_rcc.o
       112          0          0          0          0       3638   stm32f10x_spi.o
       472          6          0          0          0       6519   stm32f10x_usart.o
         0          0          0          0          0         32   sys.o
       328         28          0         20          0       1917   system_stm32f10x.o
       252         20          0          0          0       1614   usart.o

    ----------------------------------------------------------------------
      4944        366        336        244       1812     486243   Object Totals
         0          0         32          0          0          0   (incl. Generated)
        14          0          0          3          4          0   (incl. Padding)

    ----------------------------------------------------------------------

      Code (inc. data)   RO Data    RW Data    ZI Data      Debug   Library Member Name

         0          0          0          0          0          0   entry.o
         0          0          0          0          0          0   entry10a.o
         0          0          0          0          0          0   entry11a.o
         8          4          0          0          0          0   entry2.o
         4          0          0          0          0          0   entry5.o
         0          0          0          0          0          0   entry7b.o
         0          0          0          0          0          0   entry8b.o
         8          4          0          0          0          0   entry9a.o
        30          0          0          0          0          0   handlers.o
        36          8          0          0          0         68   init.o

    ----------------------------------------------------------------------
        88         16          0          0          0         68   Library Totals
         2          0          0          0          0          0   (incl. Padding)

    ----------------------------------------------------------------------

      Code (inc. data)   RO Data    RW Data    ZI Data      Debug   Library Name

        86         16          0          0          0         68   mc_w.l

    ----------------------------------------------------------------------
        88         16          0          0          0         68   Library Totals

    ----------------------------------------------------------------------

==============================================================================


      Code (inc. data)   RO Data    RW Data    ZI Data      Debug   

      5032        382        336        244       1812     483135   Grand Totals
      5032        382        336        244       1812     483135   ELF Image Totals
      5032        382        336        244          0          0   ROM Totals

==============================================================================

    Total RO  Size (Code + RO Data)                 5368 (   5.24kB)
    Total RW  Size (RW Data + ZI Data)              2056 (   2.01kB)
    Total ROM Size (Code + RO Data + RW Data)       5612 (   5.48kB)

==============================================================================

