Component: ARM Compiler 5.06 update 4 (build 422) Tool: armlink [4d35d2]

==============================================================================

Section Cross References

    main.o(i.BeiFen) refers to main.o(i.Request_Anticoll_Select) for Request_Anticoll_Select
    main.o(i.BeiFen) refers to rc522.o(i.PcdAuthState) for PcdAuthState
    main.o(i.BeiFen) refers to stm32f10x_usart.o(i.USART_SendData) for USART_SendData
    main.o(i.BeiFen) refers to stm32f10x_usart.o(i.USART_GetFlagStatus) for USART_GetFlagStatus
    main.o(i.BeiFen) refers to usart.o(i.usart1_sendstring) for usart1_sendstring
    main.o(i.BeiFen) refers to rc522.o(i.PcdRead) for PcdRead
    main.o(i.BeiFen) refers to main.o(i.Printing) for Printing
    main.o(i.BeiFen) refers to rc522.o(i.PcdBakValue) for PcdBakValue
    main.o(i.BeiFen) refers to stm32f10x_gpio.o(i.GPIO_SetBits) for GPIO_SetBits
    main.o(i.BeiFen) refers to delay.o(i.delay_ms) for delay_ms
    main.o(i.BeiFen) refers to stm32f10x_gpio.o(i.GPIO_ResetBits) for GPIO_ResetBits
    main.o(i.BeiFen) refers to main.o(.data) for Card_ID
    main.o(i.BeiFen) refers to main.o(.bss) for Data_Buffer
    main.o(i.CZ) refers to main.o(i.Request_Anticoll_Select) for Request_Anticoll_Select
    main.o(i.CZ) refers to rc522.o(i.PcdAuthState) for PcdAuthState
    main.o(i.CZ) refers to stm32f10x_usart.o(i.USART_SendData) for USART_SendData
    main.o(i.CZ) refers to stm32f10x_usart.o(i.USART_GetFlagStatus) for USART_GetFlagStatus
    main.o(i.CZ) refers to usart.o(i.usart1_sendstring) for usart1_sendstring
    main.o(i.CZ) refers to rc522.o(i.PcdWrite) for PcdWrite
    main.o(i.CZ) refers to rc522.o(i.PcdRead) for PcdRead
    main.o(i.CZ) refers to main.o(i.Printing) for Printing
    main.o(i.CZ) refers to stm32f10x_gpio.o(i.GPIO_SetBits) for GPIO_SetBits
    main.o(i.CZ) refers to delay.o(i.delay_ms) for delay_ms
    main.o(i.CZ) refers to stm32f10x_gpio.o(i.GPIO_ResetBits) for GPIO_ResetBits
    main.o(i.CZ) refers to main.o(.data) for Block
    main.o(i.CZ) refers to main.o(.bss) for Data_Buffer
    main.o(i.Change_UID) refers to memseta.o(.text) for __aeabi_memclr4
    main.o(i.Change_UID) refers to main.o(i.Request_Anticoll_Select) for Request_Anticoll_Select
    main.o(i.Change_UID) refers to rc522.o(i.PcdHalt) for PcdHalt
    main.o(i.Change_UID) refers to rc522.o(i.WriteRawRC) for WriteRawRC
    main.o(i.Change_UID) refers to rc522.o(i.PcdComMF522) for PcdComMF522
    main.o(i.Change_UID) refers to rc522.o(i.PcdWrite) for PcdWrite
    main.o(i.Change_UID) refers to main.o(.data) for Card_ID
    main.o(i.Decrement) refers to main.o(i.Request_Anticoll_Select) for Request_Anticoll_Select
    main.o(i.Decrement) refers to rc522.o(i.PcdAuthState) for PcdAuthState
    main.o(i.Decrement) refers to stm32f10x_usart.o(i.USART_SendData) for USART_SendData
    main.o(i.Decrement) refers to stm32f10x_usart.o(i.USART_GetFlagStatus) for USART_GetFlagStatus
    main.o(i.Decrement) refers to usart.o(i.usart1_sendstring) for usart1_sendstring
    main.o(i.Decrement) refers to rc522.o(i.PcdRead) for PcdRead
    main.o(i.Decrement) refers to main.o(i.Printing) for Printing
    main.o(i.Decrement) refers to stm32f10x_gpio.o(i.GPIO_SetBits) for GPIO_SetBits
    main.o(i.Decrement) refers to delay.o(i.delay_ms) for delay_ms
    main.o(i.Decrement) refers to stm32f10x_gpio.o(i.GPIO_ResetBits) for GPIO_ResetBits
    main.o(i.Decrement) refers to rc522.o(i.PcdValue) for PcdValue
    main.o(i.Decrement) refers to main.o(.data) for Block
    main.o(i.Decrement) refers to main.o(.bss) for Data_Buffer
    main.o(i.Increment) refers to main.o(i.Request_Anticoll_Select) for Request_Anticoll_Select
    main.o(i.Increment) refers to rc522.o(i.PcdAuthState) for PcdAuthState
    main.o(i.Increment) refers to stm32f10x_usart.o(i.USART_SendData) for USART_SendData
    main.o(i.Increment) refers to stm32f10x_usart.o(i.USART_GetFlagStatus) for USART_GetFlagStatus
    main.o(i.Increment) refers to usart.o(i.usart1_sendstring) for usart1_sendstring
    main.o(i.Increment) refers to rc522.o(i.PcdRead) for PcdRead
    main.o(i.Increment) refers to main.o(i.Printing) for Printing
    main.o(i.Increment) refers to stm32f10x_gpio.o(i.GPIO_SetBits) for GPIO_SetBits
    main.o(i.Increment) refers to delay.o(i.delay_ms) for delay_ms
    main.o(i.Increment) refers to stm32f10x_gpio.o(i.GPIO_ResetBits) for GPIO_ResetBits
    main.o(i.Increment) refers to rc522.o(i.PcdValue) for PcdValue
    main.o(i.Increment) refers to main.o(.data) for Block
    main.o(i.Increment) refers to main.o(.bss) for Data_Buffer
    main.o(i.ModifyKey) refers to main.o(i.Request_Anticoll_Select) for Request_Anticoll_Select
    main.o(i.ModifyKey) refers to rc522.o(i.PcdAuthState) for PcdAuthState
    main.o(i.ModifyKey) refers to stm32f10x_usart.o(i.USART_SendData) for USART_SendData
    main.o(i.ModifyKey) refers to stm32f10x_usart.o(i.USART_GetFlagStatus) for USART_GetFlagStatus
    main.o(i.ModifyKey) refers to usart.o(i.usart1_sendstring) for usart1_sendstring
    main.o(i.ModifyKey) refers to rc522.o(i.PcdRead) for PcdRead
    main.o(i.ModifyKey) refers to main.o(i.Printing) for Printing
    main.o(i.ModifyKey) refers to rc522.o(i.PcdWrite) for PcdWrite
    main.o(i.ModifyKey) refers to stm32f10x_gpio.o(i.GPIO_SetBits) for GPIO_SetBits
    main.o(i.ModifyKey) refers to delay.o(i.delay_ms) for delay_ms
    main.o(i.ModifyKey) refers to stm32f10x_gpio.o(i.GPIO_ResetBits) for GPIO_ResetBits
    main.o(i.ModifyKey) refers to main.o(.data) for Block
    main.o(i.ModifyKey) refers to main.o(.bss) for Data_Buffer
    main.o(i.Printing) refers to stm32f10x_usart.o(i.USART_SendData) for USART_SendData
    main.o(i.Printing) refers to stm32f10x_usart.o(i.USART_GetFlagStatus) for USART_GetFlagStatus
    main.o(i.Printing) refers to usart.o(i.usart1_sendstring) for usart1_sendstring
    main.o(i.Printing) refers to main.o(.data) for i
    main.o(i.RecoveryKey) refers to main.o(i.Request_Anticoll_Select) for Request_Anticoll_Select
    main.o(i.RecoveryKey) refers to rc522.o(i.PcdAuthState) for PcdAuthState
    main.o(i.RecoveryKey) refers to stm32f10x_usart.o(i.USART_SendData) for USART_SendData
    main.o(i.RecoveryKey) refers to stm32f10x_usart.o(i.USART_GetFlagStatus) for USART_GetFlagStatus
    main.o(i.RecoveryKey) refers to usart.o(i.usart1_sendstring) for usart1_sendstring
    main.o(i.RecoveryKey) refers to rc522.o(i.PcdRead) for PcdRead
    main.o(i.RecoveryKey) refers to main.o(i.Printing) for Printing
    main.o(i.RecoveryKey) refers to rc522.o(i.PcdWrite) for PcdWrite
    main.o(i.RecoveryKey) refers to stm32f10x_gpio.o(i.GPIO_SetBits) for GPIO_SetBits
    main.o(i.RecoveryKey) refers to delay.o(i.delay_ms) for delay_ms
    main.o(i.RecoveryKey) refers to stm32f10x_gpio.o(i.GPIO_ResetBits) for GPIO_ResetBits
    main.o(i.RecoveryKey) refers to main.o(.data) for Block
    main.o(i.RecoveryKey) refers to main.o(.bss) for Data_Buffer
    main.o(i.Request_Anticoll_Select) refers to rc522.o(i.PcdRequest) for PcdRequest
    main.o(i.Request_Anticoll_Select) refers to usart.o(i.usart1_sendstring) for usart1_sendstring
    main.o(i.Request_Anticoll_Select) refers to rc522.o(i.PcdAnticoll) for PcdAnticoll
    main.o(i.Request_Anticoll_Select) refers to main.o(i.Printing) for Printing
    main.o(i.Request_Anticoll_Select) refers to rc522.o(i.PcdSelect) for PcdSelect
    main.o(i.Request_Anticoll_Select) refers to main.o(.data) for Card_Buffer
    main.o(i.fputc) refers to stm32f10x_usart.o(i.USART_SendData) for USART_SendData
    main.o(i.fputc) refers to stm32f10x_usart.o(i.USART_GetFlagStatus) for USART_GetFlagStatus
    main.o(i.hhh) refers to main.o(i.Request_Anticoll_Select) for Request_Anticoll_Select
    main.o(i.hhh) refers to rc522.o(i.PcdAuthState) for PcdAuthState
    main.o(i.hhh) refers to stm32f10x_usart.o(i.USART_SendData) for USART_SendData
    main.o(i.hhh) refers to stm32f10x_usart.o(i.USART_GetFlagStatus) for USART_GetFlagStatus
    main.o(i.hhh) refers to usart.o(i.usart1_sendstring) for usart1_sendstring
    main.o(i.hhh) refers to rc522.o(i.PcdRead) for PcdRead
    main.o(i.hhh) refers to main.o(i.Printing) for Printing
    main.o(i.hhh) refers to stm32f10x_gpio.o(i.GPIO_SetBits) for GPIO_SetBits
    main.o(i.hhh) refers to delay.o(i.delay_ms) for delay_ms
    main.o(i.hhh) refers to stm32f10x_gpio.o(i.GPIO_ResetBits) for GPIO_ResetBits
    main.o(i.hhh) refers to main.o(.data) for Block
    main.o(i.hhh) refers to main.o(.bss) for Data_Buffer
    main.o(i.main) refers to misc.o(i.NVIC_PriorityGroupConfig) for NVIC_PriorityGroupConfig
    main.o(i.main) refers to delay.o(i.delay_init) for delay_init
    main.o(i.main) refers to ledkey.o(i.led_init) for led_init
    main.o(i.main) refers to ledkey.o(i.key_init) for key_init
    main.o(i.main) refers to usart.o(i.usart1_init) for usart1_init
    main.o(i.main) refers to usart.o(i.usart1_sendstring) for usart1_sendstring
    main.o(i.main) refers to rc522.o(i.RFIDGPIO_Init) for RFIDGPIO_Init
    main.o(i.main) refers to delay.o(i.delay_ms) for delay_ms
    main.o(i.main) refers to main.o(i.Request_Anticoll_Select) for Request_Anticoll_Select
    main.o(i.main) refers to main.o(.data) for Card_ID
    system_stm32f10x.o(i.SetSysClock) refers to system_stm32f10x.o(i.SetSysClockTo72) for SetSysClockTo72
    system_stm32f10x.o(i.SystemCoreClockUpdate) refers to system_stm32f10x.o(.data) for SystemCoreClock
    system_stm32f10x.o(i.SystemInit) refers to system_stm32f10x.o(i.SetSysClock) for SetSysClock
    delay.o(i.delay_init) refers to misc.o(i.SysTick_CLKSourceConfig) for SysTick_CLKSourceConfig
    delay.o(i.delay_init) refers to system_stm32f10x.o(.data) for SystemCoreClock
    delay.o(i.delay_init) refers to delay.o(.data) for fac_us
    delay.o(i.delay_ms) refers to delay.o(.data) for fac_ms
    delay.o(i.delay_us) refers to delay.o(.data) for fac_us
    startup_stm32f10x_hd.o(RESET) refers to startup_stm32f10x_hd.o(STACK) for __initial_sp
    startup_stm32f10x_hd.o(RESET) refers to startup_stm32f10x_hd.o(.text) for Reset_Handler
    startup_stm32f10x_hd.o(RESET) refers to stm32f10x_it.o(i.NMI_Handler) for NMI_Handler
    startup_stm32f10x_hd.o(RESET) refers to stm32f10x_it.o(i.HardFault_Handler) for HardFault_Handler
    startup_stm32f10x_hd.o(RESET) refers to stm32f10x_it.o(i.MemManage_Handler) for MemManage_Handler
    startup_stm32f10x_hd.o(RESET) refers to stm32f10x_it.o(i.BusFault_Handler) for BusFault_Handler
    startup_stm32f10x_hd.o(RESET) refers to stm32f10x_it.o(i.UsageFault_Handler) for UsageFault_Handler
    startup_stm32f10x_hd.o(RESET) refers to stm32f10x_it.o(i.SVC_Handler) for SVC_Handler
    startup_stm32f10x_hd.o(RESET) refers to stm32f10x_it.o(i.DebugMon_Handler) for DebugMon_Handler
    startup_stm32f10x_hd.o(RESET) refers to stm32f10x_it.o(i.PendSV_Handler) for PendSV_Handler
    startup_stm32f10x_hd.o(RESET) refers to stm32f10x_it.o(i.SysTick_Handler) for SysTick_Handler
    startup_stm32f10x_hd.o(RESET) refers to usart.o(i.USART1_IRQHandler) for USART1_IRQHandler
    startup_stm32f10x_hd.o(.text) refers to system_stm32f10x.o(i.SystemInit) for SystemInit
    startup_stm32f10x_hd.o(.text) refers to entry.o(.ARM.Collect$$$$00000000) for __main
    stm32f10x_gpio.o(i.GPIO_AFIODeInit) refers to stm32f10x_rcc.o(i.RCC_APB2PeriphResetCmd) for RCC_APB2PeriphResetCmd
    stm32f10x_gpio.o(i.GPIO_DeInit) refers to stm32f10x_rcc.o(i.RCC_APB2PeriphResetCmd) for RCC_APB2PeriphResetCmd
    stm32f10x_rcc.o(i.RCC_GetClocksFreq) refers to stm32f10x_rcc.o(.data) for APBAHBPrescTable
    stm32f10x_rcc.o(i.RCC_WaitForHSEStartUp) refers to stm32f10x_rcc.o(i.RCC_GetFlagStatus) for RCC_GetFlagStatus
    stm32f10x_spi.o(i.I2S_Init) refers to stm32f10x_rcc.o(i.RCC_GetClocksFreq) for RCC_GetClocksFreq
    stm32f10x_spi.o(i.SPI_I2S_DeInit) refers to stm32f10x_rcc.o(i.RCC_APB2PeriphResetCmd) for RCC_APB2PeriphResetCmd
    stm32f10x_spi.o(i.SPI_I2S_DeInit) refers to stm32f10x_rcc.o(i.RCC_APB1PeriphResetCmd) for RCC_APB1PeriphResetCmd
    stm32f10x_usart.o(i.USART_DeInit) refers to stm32f10x_rcc.o(i.RCC_APB2PeriphResetCmd) for RCC_APB2PeriphResetCmd
    stm32f10x_usart.o(i.USART_DeInit) refers to stm32f10x_rcc.o(i.RCC_APB1PeriphResetCmd) for RCC_APB1PeriphResetCmd
    stm32f10x_usart.o(i.USART_Init) refers to stm32f10x_rcc.o(i.RCC_GetClocksFreq) for RCC_GetClocksFreq
    lcd.o(i.LCD_Clear) refers to lcd.o(i.LCD_SetCursor) for LCD_SetCursor
    lcd.o(i.LCD_Clear) refers to lcd.o(i.LCD_WriteRAM_Prepare) for LCD_WriteRAM_Prepare
    lcd.o(i.LCD_Clear) refers to lcd.o(.bss) for lcddev
    lcd.o(i.LCD_Color_Fill) refers to lcd.o(i.LCD_SetCursor) for LCD_SetCursor
    lcd.o(i.LCD_Color_Fill) refers to lcd.o(i.LCD_WriteRAM_Prepare) for LCD_WriteRAM_Prepare
    lcd.o(i.LCD_DisplayOff) refers to lcd.o(i.LCD_WR_REG) for LCD_WR_REG
    lcd.o(i.LCD_DisplayOff) refers to lcd.o(i.LCD_WriteReg) for LCD_WriteReg
    lcd.o(i.LCD_DisplayOff) refers to lcd.o(.bss) for lcddev
    lcd.o(i.LCD_DisplayOn) refers to lcd.o(i.LCD_WR_REG) for LCD_WR_REG
    lcd.o(i.LCD_DisplayOn) refers to lcd.o(i.LCD_WriteReg) for LCD_WriteReg
    lcd.o(i.LCD_DisplayOn) refers to lcd.o(.bss) for lcddev
    lcd.o(i.LCD_Display_Dir) refers to lcd.o(i.LCD_Scan_Dir) for LCD_Scan_Dir
    lcd.o(i.LCD_Display_Dir) refers to lcd.o(.bss) for lcddev
    lcd.o(i.LCD_DrawLine) refers to lcd.o(i.LCD_DrawPoint) for LCD_DrawPoint
    lcd.o(i.LCD_DrawPoint) refers to lcd.o(i.LCD_SetCursor) for LCD_SetCursor
    lcd.o(i.LCD_DrawPoint) refers to lcd.o(i.LCD_WriteRAM_Prepare) for LCD_WriteRAM_Prepare
    lcd.o(i.LCD_DrawPoint) refers to lcd.o(.data) for POINT_COLOR
    lcd.o(i.LCD_DrawRectangle) refers to lcd.o(i.LCD_DrawLine) for LCD_DrawLine
    lcd.o(i.LCD_Draw_Circle) refers to lcd.o(i.LCD_DrawPoint) for LCD_DrawPoint
    lcd.o(i.LCD_Fast_DrawPoint) refers to lcd.o(i.LCD_WR_REG) for LCD_WR_REG
    lcd.o(i.LCD_Fast_DrawPoint) refers to lcd.o(i.LCD_WR_DATA) for LCD_WR_DATA
    lcd.o(i.LCD_Fast_DrawPoint) refers to lcd.o(i.LCD_WriteReg) for LCD_WriteReg
    lcd.o(i.LCD_Fast_DrawPoint) refers to lcd.o(.bss) for lcddev
    lcd.o(i.LCD_Fill) refers to lcd.o(i.LCD_SetCursor) for LCD_SetCursor
    lcd.o(i.LCD_Fill) refers to lcd.o(i.LCD_WriteRAM_Prepare) for LCD_WriteRAM_Prepare
    lcd.o(i.LCD_Fill) refers to lcd.o(.bss) for lcddev
    lcd.o(i.LCD_Init) refers to stm32f10x_rcc.o(i.RCC_AHBPeriphClockCmd) for RCC_AHBPeriphClockCmd
    lcd.o(i.LCD_Init) refers to stm32f10x_rcc.o(i.RCC_APB2PeriphClockCmd) for RCC_APB2PeriphClockCmd
    lcd.o(i.LCD_Init) refers to stm32f10x_gpio.o(i.GPIO_Init) for GPIO_Init
    lcd.o(i.LCD_Init) refers to stm32f10x_fsmc.o(i.FSMC_NORSRAMInit) for FSMC_NORSRAMInit
    lcd.o(i.LCD_Init) refers to stm32f10x_fsmc.o(i.FSMC_NORSRAMCmd) for FSMC_NORSRAMCmd
    lcd.o(i.LCD_Init) refers to delay.o(i.delay_ms) for delay_ms
    lcd.o(i.LCD_Init) refers to lcd.o(i.LCD_ReadReg) for LCD_ReadReg
    lcd.o(i.LCD_Init) refers to lcd.o(i.LCD_WR_REG) for LCD_WR_REG
    lcd.o(i.LCD_Init) refers to lcd.o(i.LCD_RD_DATA) for LCD_RD_DATA
    lcd.o(i.LCD_Init) refers to lcd.o(i.LCD_WR_DATA) for LCD_WR_DATA
    lcd.o(i.LCD_Init) refers to lcd.o(.bss) for lcddev
    lcd.o(i.LCD_Init) refers to lcd.o(i.LCD_WriteReg) for LCD_WriteReg
    lcd.o(i.LCD_Init) refers to delay.o(i.delay_us) for delay_us
    lcd.o(i.LCD_Init) refers to lcd.o(i.LCD_SSD_BackLightSet) for LCD_SSD_BackLightSet
    lcd.o(i.LCD_Init) refers to lcd.o(i.LCD_Display_Dir) for LCD_Display_Dir
    lcd.o(i.LCD_Init) refers to lcd.o(i.LCD_Clear) for LCD_Clear
    lcd.o(i.LCD_ReadPoint) refers to lcd.o(i.LCD_SetCursor) for LCD_SetCursor
    lcd.o(i.LCD_ReadPoint) refers to lcd.o(i.LCD_WR_REG) for LCD_WR_REG
    lcd.o(i.LCD_ReadPoint) refers to lcd.o(i.opt_delay) for opt_delay
    lcd.o(i.LCD_ReadPoint) refers to lcd.o(i.LCD_RD_DATA) for LCD_RD_DATA
    lcd.o(i.LCD_ReadPoint) refers to lcd.o(i.LCD_BGR2RGB) for LCD_BGR2RGB
    lcd.o(i.LCD_ReadPoint) refers to lcd.o(.bss) for lcddev
    lcd.o(i.LCD_ReadReg) refers to lcd.o(i.LCD_WR_REG) for LCD_WR_REG
    lcd.o(i.LCD_ReadReg) refers to delay.o(i.delay_us) for delay_us
    lcd.o(i.LCD_ReadReg) refers to lcd.o(i.LCD_RD_DATA) for LCD_RD_DATA
    lcd.o(i.LCD_SSD_BackLightSet) refers to lcd.o(i.LCD_WR_REG) for LCD_WR_REG
    lcd.o(i.LCD_SSD_BackLightSet) refers to lcd.o(i.LCD_WR_DATA) for LCD_WR_DATA
    lcd.o(i.LCD_SSD_BackLightSet) refers to dfltui.o(.text) for __aeabi_ui2d
    lcd.o(i.LCD_SSD_BackLightSet) refers to dmul.o(.text) for __aeabi_dmul
    lcd.o(i.LCD_SSD_BackLightSet) refers to dfixui.o(.text) for __aeabi_d2uiz
    lcd.o(i.LCD_Scan_Dir) refers to lcd.o(i.LCD_WriteReg) for LCD_WriteReg
    lcd.o(i.LCD_Scan_Dir) refers to lcd.o(i.LCD_WR_REG) for LCD_WR_REG
    lcd.o(i.LCD_Scan_Dir) refers to lcd.o(i.LCD_WR_DATA) for LCD_WR_DATA
    lcd.o(i.LCD_Scan_Dir) refers to lcd.o(.bss) for lcddev
    lcd.o(i.LCD_SetCursor) refers to lcd.o(i.LCD_WR_REG) for LCD_WR_REG
    lcd.o(i.LCD_SetCursor) refers to lcd.o(i.LCD_WR_DATA) for LCD_WR_DATA
    lcd.o(i.LCD_SetCursor) refers to lcd.o(i.LCD_WriteReg) for LCD_WriteReg
    lcd.o(i.LCD_SetCursor) refers to lcd.o(.bss) for lcddev
    lcd.o(i.LCD_Set_Window) refers to lcd.o(i.LCD_WR_REG) for LCD_WR_REG
    lcd.o(i.LCD_Set_Window) refers to lcd.o(i.LCD_WR_DATA) for LCD_WR_DATA
    lcd.o(i.LCD_Set_Window) refers to lcd.o(i.LCD_WriteReg) for LCD_WriteReg
    lcd.o(i.LCD_Set_Window) refers to lcd.o(i.LCD_SetCursor) for LCD_SetCursor
    lcd.o(i.LCD_Set_Window) refers to lcd.o(.bss) for lcddev
    lcd.o(i.LCD_ShowChar) refers to lcd.o(i.LCD_Fast_DrawPoint) for LCD_Fast_DrawPoint
    lcd.o(i.LCD_ShowChar) refers to lcd.o(.constdata) for asc2_1206
    lcd.o(i.LCD_ShowChar) refers to lcd.o(.data) for POINT_COLOR
    lcd.o(i.LCD_ShowChar) refers to lcd.o(.bss) for lcddev
    lcd.o(i.LCD_ShowNum) refers to lcd.o(i.LCD_Pow) for LCD_Pow
    lcd.o(i.LCD_ShowNum) refers to lcd.o(i.LCD_ShowChar) for LCD_ShowChar
    lcd.o(i.LCD_ShowString) refers to lcd.o(i.LCD_ShowChar) for LCD_ShowChar
    lcd.o(i.LCD_ShowxNum) refers to lcd.o(i.LCD_Pow) for LCD_Pow
    lcd.o(i.LCD_ShowxNum) refers to lcd.o(i.LCD_ShowChar) for LCD_ShowChar
    lcd.o(i.LCD_WriteRAM_Prepare) refers to lcd.o(.bss) for lcddev
    ledkey.o(i.key_init) refers to stm32f10x_rcc.o(i.RCC_APB2PeriphClockCmd) for RCC_APB2PeriphClockCmd
    ledkey.o(i.key_init) refers to stm32f10x_gpio.o(i.GPIO_Init) for GPIO_Init
    ledkey.o(i.led_init) refers to stm32f10x_rcc.o(i.RCC_APB2PeriphClockCmd) for RCC_APB2PeriphClockCmd
    ledkey.o(i.led_init) refers to stm32f10x_gpio.o(i.GPIO_Init) for GPIO_Init
    rc522.o(i.CalulateCRC) refers to rc522.o(i.ClearBitMask) for ClearBitMask
    rc522.o(i.CalulateCRC) refers to rc522.o(i.WriteRawRC) for WriteRawRC
    rc522.o(i.CalulateCRC) refers to rc522.o(i.SetBitMask) for SetBitMask
    rc522.o(i.CalulateCRC) refers to rc522.o(i.ReadRawRC) for ReadRawRC
    rc522.o(i.ClearBitMask) refers to rc522.o(i.ReadRawRC) for ReadRawRC
    rc522.o(i.ClearBitMask) refers to rc522.o(i.WriteRawRC) for WriteRawRC
    rc522.o(i.DataDecrypt) refers to rc522.o(i.MoveBits) for MoveBits
    rc522.o(i.M500PcdConfigISOType) refers to rc522.o(i.ClearBitMask) for ClearBitMask
    rc522.o(i.M500PcdConfigISOType) refers to rc522.o(i.WriteRawRC) for WriteRawRC
    rc522.o(i.M500PcdConfigISOType) refers to delay.o(i.delay_ms) for delay_ms
    rc522.o(i.M500PcdConfigISOType) refers to rc522.o(i.PcdAntennaOn) for PcdAntennaOn
    rc522.o(i.MoveBits) refers to rc522.o(i.trans) for trans
    rc522.o(i.PcdAntennaOff) refers to rc522.o(i.ClearBitMask) for ClearBitMask
    rc522.o(i.PcdAntennaOn) refers to rc522.o(i.ReadRawRC) for ReadRawRC
    rc522.o(i.PcdAntennaOn) refers to rc522.o(i.SetBitMask) for SetBitMask
    rc522.o(i.PcdAnticoll) refers to rc522.o(i.ClearBitMask) for ClearBitMask
    rc522.o(i.PcdAnticoll) refers to rc522.o(i.WriteRawRC) for WriteRawRC
    rc522.o(i.PcdAnticoll) refers to rc522.o(i.PcdComMF522) for PcdComMF522
    rc522.o(i.PcdAnticoll) refers to rc522.o(i.SetBitMask) for SetBitMask
    rc522.o(i.PcdAuthState) refers to rc522.o(i.trans) for trans
    rc522.o(i.PcdAuthState) refers to rc522.o(i.PcdComMF522) for PcdComMF522
    rc522.o(i.PcdAuthState) refers to rc522.o(i.ReadRawRC) for ReadRawRC
    rc522.o(i.PcdBakValue) refers to rc522.o(i.CalulateCRC) for CalulateCRC
    rc522.o(i.PcdBakValue) refers to rc522.o(i.PcdComMF522) for PcdComMF522
    rc522.o(i.PcdComMF522) refers to rc522.o(i.WriteRawRC) for WriteRawRC
    rc522.o(i.PcdComMF522) refers to rc522.o(i.ClearBitMask) for ClearBitMask
    rc522.o(i.PcdComMF522) refers to rc522.o(i.SetBitMask) for SetBitMask
    rc522.o(i.PcdComMF522) refers to rc522.o(i.ReadRawRC) for ReadRawRC
    rc522.o(i.PcdHalt) refers to rc522.o(i.CalulateCRC) for CalulateCRC
    rc522.o(i.PcdHalt) refers to rc522.o(i.PcdComMF522) for PcdComMF522
    rc522.o(i.PcdRead) refers to rc522.o(i.CalulateCRC) for CalulateCRC
    rc522.o(i.PcdRead) refers to rc522.o(i.PcdComMF522) for PcdComMF522
    rc522.o(i.PcdRead) refers to rc522.o(i.trans) for trans
    rc522.o(i.PcdRequest) refers to rc522.o(i.ClearBitMask) for ClearBitMask
    rc522.o(i.PcdRequest) refers to rc522.o(i.WriteRawRC) for WriteRawRC
    rc522.o(i.PcdRequest) refers to rc522.o(i.SetBitMask) for SetBitMask
    rc522.o(i.PcdRequest) refers to rc522.o(i.PcdComMF522) for PcdComMF522
    rc522.o(i.PcdReset) refers to stm32f10x_gpio.o(i.GPIO_SetBits) for GPIO_SetBits
    rc522.o(i.PcdReset) refers to delay.o(i.delay_us) for delay_us
    rc522.o(i.PcdReset) refers to rc522.o(i.WriteRawRC) for WriteRawRC
    rc522.o(i.PcdReset) refers to rc522.o(i.PcdAntennaOn) for PcdAntennaOn
    rc522.o(i.PcdSelect) refers to rc522.o(i.CalulateCRC) for CalulateCRC
    rc522.o(i.PcdSelect) refers to rc522.o(i.ClearBitMask) for ClearBitMask
    rc522.o(i.PcdSelect) refers to rc522.o(i.PcdComMF522) for PcdComMF522
    rc522.o(i.PcdValue) refers to rc522.o(i.CalulateCRC) for CalulateCRC
    rc522.o(i.PcdValue) refers to rc522.o(i.PcdComMF522) for PcdComMF522
    rc522.o(i.PcdValue) refers to rc522.o(i.trans) for trans
    rc522.o(i.PcdWrite) refers to rc522.o(i.CalulateCRC) for CalulateCRC
    rc522.o(i.PcdWrite) refers to rc522.o(i.PcdComMF522) for PcdComMF522
    rc522.o(i.PcdWrite) refers to rc522.o(i.trans) for trans
    rc522.o(i.RFIDGPIO_Init) refers to stm32f10x_rcc.o(i.RCC_APB2PeriphClockCmd) for RCC_APB2PeriphClockCmd
    rc522.o(i.RFIDGPIO_Init) refers to stm32f10x_gpio.o(i.GPIO_Init) for GPIO_Init
    rc522.o(i.RFIDGPIO_Init) refers to stm32f10x_gpio.o(i.GPIO_SetBits) for GPIO_SetBits
    rc522.o(i.RFIDGPIO_Init) refers to spi.o(i.spi2_init) for spi2_init
    rc522.o(i.RFIDGPIO_Init) refers to rc522.o(i.PcdReset) for PcdReset
    rc522.o(i.RFIDGPIO_Init) refers to rc522.o(i.PcdAntennaOff) for PcdAntennaOff
    rc522.o(i.RFIDGPIO_Init) refers to delay.o(i.delay_ms) for delay_ms
    rc522.o(i.RFIDGPIO_Init) refers to rc522.o(i.PcdAntennaOn) for PcdAntennaOn
    rc522.o(i.ReadRawRC) refers to stm32f10x_gpio.o(i.GPIO_ResetBits) for GPIO_ResetBits
    rc522.o(i.ReadRawRC) refers to spi.o(i.spi2_readwritebyte) for spi2_readwritebyte
    rc522.o(i.ReadRawRC) refers to stm32f10x_gpio.o(i.GPIO_SetBits) for GPIO_SetBits
    rc522.o(i.SetBitMask) refers to rc522.o(i.ReadRawRC) for ReadRawRC
    rc522.o(i.SetBitMask) refers to rc522.o(i.WriteRawRC) for WriteRawRC
    rc522.o(i.WriteRawRC) refers to stm32f10x_gpio.o(i.GPIO_ResetBits) for GPIO_ResetBits
    rc522.o(i.WriteRawRC) refers to spi.o(i.spi2_readwritebyte) for spi2_readwritebyte
    rc522.o(i.WriteRawRC) refers to stm32f10x_gpio.o(i.GPIO_SetBits) for GPIO_SetBits
    usart.o(i.USART1_IRQHandler) refers to stm32f10x_usart.o(i.USART_GetITStatus) for USART_GetITStatus
    usart.o(i.USART1_IRQHandler) refers to stm32f10x_usart.o(i.USART_ReceiveData) for USART_ReceiveData
    usart.o(i.USART1_IRQHandler) refers to stm32f10x_usart.o(i.USART_SendData) for USART_SendData
    usart.o(i.USART1_IRQHandler) refers to stm32f10x_usart.o(i.USART_ClearITPendingBit) for USART_ClearITPendingBit
    usart.o(i.usart1_init) refers to stm32f10x_rcc.o(i.RCC_APB2PeriphClockCmd) for RCC_APB2PeriphClockCmd
    usart.o(i.usart1_init) refers to stm32f10x_gpio.o(i.GPIO_Init) for GPIO_Init
    usart.o(i.usart1_init) refers to stm32f10x_usart.o(i.USART_Init) for USART_Init
    usart.o(i.usart1_init) refers to stm32f10x_usart.o(i.USART_ITConfig) for USART_ITConfig
    usart.o(i.usart1_init) refers to misc.o(i.NVIC_Init) for NVIC_Init
    usart.o(i.usart1_init) refers to stm32f10x_usart.o(i.USART_Cmd) for USART_Cmd
    usart.o(i.usart1_sendstring) refers to stm32f10x_usart.o(i.USART_SendData) for USART_SendData
    usart.o(i.usart1_sendstring) refers to stm32f10x_usart.o(i.USART_GetFlagStatus) for USART_GetFlagStatus
    spi.o(i.spi2_init) refers to stm32f10x_rcc.o(i.RCC_APB2PeriphClockCmd) for RCC_APB2PeriphClockCmd
    spi.o(i.spi2_init) refers to stm32f10x_rcc.o(i.RCC_APB1PeriphClockCmd) for RCC_APB1PeriphClockCmd
    spi.o(i.spi2_init) refers to stm32f10x_gpio.o(i.GPIO_Init) for GPIO_Init
    spi.o(i.spi2_init) refers to stm32f10x_gpio.o(i.GPIO_SetBits) for GPIO_SetBits
    spi.o(i.spi2_init) refers to stm32f10x_gpio.o(i.GPIO_ResetBits) for GPIO_ResetBits
    spi.o(i.spi2_init) refers to stm32f10x_spi.o(i.SPI_Init) for SPI_Init
    spi.o(i.spi2_init) refers to stm32f10x_spi.o(i.SPI_Cmd) for SPI_Cmd
    spi.o(i.spi2_init) refers to spi.o(i.spi2_readwritebyte) for spi2_readwritebyte
    spi.o(i.spi2_readwritebyte) refers to stm32f10x_spi.o(i.SPI_I2S_GetFlagStatus) for SPI_I2S_GetFlagStatus
    spi.o(i.spi2_readwritebyte) refers to stm32f10x_spi.o(i.SPI_I2S_SendData) for SPI_I2S_SendData
    spi.o(i.spi2_readwritebyte) refers to stm32f10x_spi.o(i.SPI_I2S_ReceiveData) for SPI_I2S_ReceiveData
    spi.o(i.spi_setspeed) refers to stm32f10x_spi.o(i.SPI_Cmd) for SPI_Cmd
    entry.o(.ARM.Collect$$$$00000000) refers (Special) to entry10a.o(.ARM.Collect$$$$0000000D) for __rt_final_cpp
    entry.o(.ARM.Collect$$$$00000000) refers (Special) to entry11a.o(.ARM.Collect$$$$0000000F) for __rt_final_exit
    entry.o(.ARM.Collect$$$$00000000) refers (Special) to entry7b.o(.ARM.Collect$$$$00000008) for _main_clock
    entry.o(.ARM.Collect$$$$00000000) refers (Special) to entry8b.o(.ARM.Collect$$$$0000000A) for _main_cpp_init
    entry.o(.ARM.Collect$$$$00000000) refers (Special) to entry9a.o(.ARM.Collect$$$$0000000B) for _main_init
    entry.o(.ARM.Collect$$$$00000000) refers (Special) to entry5.o(.ARM.Collect$$$$00000004) for _main_scatterload
    entry.o(.ARM.Collect$$$$00000000) refers (Special) to entry2.o(.ARM.Collect$$$$00000001) for _main_stk
    dmul.o(.text) refers (Special) to iusefp.o(.text) for __I$use$fp
    dmul.o(.text) refers to depilogue.o(.text) for _double_epilogue
    dfltui.o(.text) refers (Special) to iusefp.o(.text) for __I$use$fp
    dfltui.o(.text) refers to depilogue.o(.text) for _double_epilogue
    dfixui.o(.text) refers (Special) to iusefp.o(.text) for __I$use$fp
    dfixui.o(.text) refers to llushr.o(.text) for __aeabi_llsr
    entry2.o(.ARM.Collect$$$$00000001) refers to entry2.o(.ARM.Collect$$$$00002712) for __lit__00000000
    entry2.o(.ARM.Collect$$$$00002712) refers to startup_stm32f10x_hd.o(STACK) for __initial_sp
    entry2.o(__vectab_stack_and_reset_area) refers to startup_stm32f10x_hd.o(STACK) for __initial_sp
    entry2.o(__vectab_stack_and_reset_area) refers to entry.o(.ARM.Collect$$$$00000000) for __main
    entry5.o(.ARM.Collect$$$$00000004) refers to init.o(.text) for __scatterload
    entry9a.o(.ARM.Collect$$$$0000000B) refers to main.o(i.main) for main
    entry9b.o(.ARM.Collect$$$$0000000C) refers to main.o(i.main) for main
    depilogue.o(.text) refers to llshl.o(.text) for __aeabi_llsl
    depilogue.o(.text) refers to llushr.o(.text) for __aeabi_llsr
    init.o(.text) refers to entry5.o(.ARM.Collect$$$$00000004) for __main_after_scatterload


==============================================================================

Removing Unused input sections from the image.

    Removing main.o(i.BeiFen), (284 bytes).
    Removing main.o(i.CZ), (300 bytes).
    Removing main.o(i.Change_UID), (188 bytes).
    Removing main.o(i.Copy_ICdate), (2 bytes).
    Removing main.o(i.Decrement), (416 bytes).
    Removing main.o(i.Increment), (416 bytes).
    Removing main.o(i.ModifyKey), (300 bytes).
    Removing main.o(i.RecoveryKey), (308 bytes).
    Removing main.o(i.fputc), (36 bytes).
    Removing main.o(i.hhh), (256 bytes).
    Removing main.o(.bss), (16 bytes).
    Removing main.o(.constdata), (96 bytes).
    Removing system_stm32f10x.o(i.SystemCoreClockUpdate), (164 bytes).
    Removing sys.o(.emb_text), (6 bytes).
    Removing sys.o(i.INTX_DISABLE), (4 bytes).
    Removing sys.o(i.INTX_ENABLE), (4 bytes).
    Removing sys.o(i.WFI_SET), (4 bytes).
    Removing core_cm3.o(.emb_text), (32 bytes).
    Removing startup_stm32f10x_hd.o(HEAP), (512 bytes).
    Removing misc.o(i.NVIC_SetVectorTable), (20 bytes).
    Removing misc.o(i.NVIC_SystemLPConfig), (32 bytes).
    Removing stm32f10x_fsmc.o(i.FSMC_ClearFlag), (64 bytes).
    Removing stm32f10x_fsmc.o(i.FSMC_ClearITPendingBit), (72 bytes).
    Removing stm32f10x_fsmc.o(i.FSMC_GetECC), (28 bytes).
    Removing stm32f10x_fsmc.o(i.FSMC_GetFlagStatus), (56 bytes).
    Removing stm32f10x_fsmc.o(i.FSMC_GetITStatus), (68 bytes).
    Removing stm32f10x_fsmc.o(i.FSMC_ITConfig), (128 bytes).
    Removing stm32f10x_fsmc.o(i.FSMC_NANDCmd), (92 bytes).
    Removing stm32f10x_fsmc.o(i.FSMC_NANDDeInit), (68 bytes).
    Removing stm32f10x_fsmc.o(i.FSMC_NANDECCCmd), (92 bytes).
    Removing stm32f10x_fsmc.o(i.FSMC_NANDInit), (136 bytes).
    Removing stm32f10x_fsmc.o(i.FSMC_NANDStructInit), (54 bytes).
    Removing stm32f10x_fsmc.o(i.FSMC_NORSRAMCmd), (52 bytes).
    Removing stm32f10x_fsmc.o(i.FSMC_NORSRAMDeInit), (54 bytes).
    Removing stm32f10x_fsmc.o(i.FSMC_NORSRAMInit), (230 bytes).
    Removing stm32f10x_fsmc.o(i.FSMC_NORSRAMStructInit), (114 bytes).
    Removing stm32f10x_fsmc.o(i.FSMC_PCCARDCmd), (48 bytes).
    Removing stm32f10x_fsmc.o(i.FSMC_PCCARDDeInit), (40 bytes).
    Removing stm32f10x_fsmc.o(i.FSMC_PCCARDInit), (132 bytes).
    Removing stm32f10x_fsmc.o(i.FSMC_PCCARDStructInit), (60 bytes).
    Removing stm32f10x_gpio.o(i.GPIO_AFIODeInit), (20 bytes).
    Removing stm32f10x_gpio.o(i.GPIO_DeInit), (200 bytes).
    Removing stm32f10x_gpio.o(i.GPIO_ETH_MediaInterfaceConfig), (12 bytes).
    Removing stm32f10x_gpio.o(i.GPIO_EXTILineConfig), (64 bytes).
    Removing stm32f10x_gpio.o(i.GPIO_EventOutputCmd), (12 bytes).
    Removing stm32f10x_gpio.o(i.GPIO_EventOutputConfig), (32 bytes).
    Removing stm32f10x_gpio.o(i.GPIO_PinLockConfig), (18 bytes).
    Removing stm32f10x_gpio.o(i.GPIO_PinRemapConfig), (144 bytes).
    Removing stm32f10x_gpio.o(i.GPIO_ReadInputData), (8 bytes).
    Removing stm32f10x_gpio.o(i.GPIO_ReadInputDataBit), (18 bytes).
    Removing stm32f10x_gpio.o(i.GPIO_ReadOutputData), (8 bytes).
    Removing stm32f10x_gpio.o(i.GPIO_ReadOutputDataBit), (18 bytes).
    Removing stm32f10x_gpio.o(i.GPIO_StructInit), (16 bytes).
    Removing stm32f10x_gpio.o(i.GPIO_Write), (4 bytes).
    Removing stm32f10x_gpio.o(i.GPIO_WriteBit), (10 bytes).
    Removing stm32f10x_rcc.o(i.RCC_ADCCLKConfig), (24 bytes).
    Removing stm32f10x_rcc.o(i.RCC_AHBPeriphClockCmd), (32 bytes).
    Removing stm32f10x_rcc.o(i.RCC_APB1PeriphResetCmd), (32 bytes).
    Removing stm32f10x_rcc.o(i.RCC_APB2PeriphResetCmd), (32 bytes).
    Removing stm32f10x_rcc.o(i.RCC_AdjustHSICalibrationValue), (24 bytes).
    Removing stm32f10x_rcc.o(i.RCC_BackupResetCmd), (12 bytes).
    Removing stm32f10x_rcc.o(i.RCC_ClearFlag), (20 bytes).
    Removing stm32f10x_rcc.o(i.RCC_ClearITPendingBit), (12 bytes).
    Removing stm32f10x_rcc.o(i.RCC_ClockSecuritySystemCmd), (12 bytes).
    Removing stm32f10x_rcc.o(i.RCC_DeInit), (76 bytes).
    Removing stm32f10x_rcc.o(i.RCC_GetFlagStatus), (60 bytes).
    Removing stm32f10x_rcc.o(i.RCC_GetITStatus), (24 bytes).
    Removing stm32f10x_rcc.o(i.RCC_GetSYSCLKSource), (16 bytes).
    Removing stm32f10x_rcc.o(i.RCC_HCLKConfig), (24 bytes).
    Removing stm32f10x_rcc.o(i.RCC_HSEConfig), (76 bytes).
    Removing stm32f10x_rcc.o(i.RCC_HSICmd), (12 bytes).
    Removing stm32f10x_rcc.o(i.RCC_ITConfig), (32 bytes).
    Removing stm32f10x_rcc.o(i.RCC_LSEConfig), (52 bytes).
    Removing stm32f10x_rcc.o(i.RCC_LSICmd), (12 bytes).
    Removing stm32f10x_rcc.o(i.RCC_MCOConfig), (12 bytes).
    Removing stm32f10x_rcc.o(i.RCC_PCLK1Config), (24 bytes).
    Removing stm32f10x_rcc.o(i.RCC_PCLK2Config), (24 bytes).
    Removing stm32f10x_rcc.o(i.RCC_PLLCmd), (12 bytes).
    Removing stm32f10x_rcc.o(i.RCC_PLLConfig), (28 bytes).
    Removing stm32f10x_rcc.o(i.RCC_RTCCLKCmd), (12 bytes).
    Removing stm32f10x_rcc.o(i.RCC_RTCCLKConfig), (16 bytes).
    Removing stm32f10x_rcc.o(i.RCC_SYSCLKConfig), (24 bytes).
    Removing stm32f10x_rcc.o(i.RCC_USBCLKConfig), (12 bytes).
    Removing stm32f10x_rcc.o(i.RCC_WaitForHSEStartUp), (56 bytes).
    Removing stm32f10x_sdio.o(i.SDIO_CEATAITCmd), (16 bytes).
    Removing stm32f10x_sdio.o(i.SDIO_ClearFlag), (12 bytes).
    Removing stm32f10x_sdio.o(i.SDIO_ClearITPendingBit), (12 bytes).
    Removing stm32f10x_sdio.o(i.SDIO_ClockCmd), (12 bytes).
    Removing stm32f10x_sdio.o(i.SDIO_CmdStructInit), (14 bytes).
    Removing stm32f10x_sdio.o(i.SDIO_CommandCompletionCmd), (12 bytes).
    Removing stm32f10x_sdio.o(i.SDIO_DMACmd), (12 bytes).
    Removing stm32f10x_sdio.o(i.SDIO_DataConfig), (48 bytes).
    Removing stm32f10x_sdio.o(i.SDIO_DataStructInit), (20 bytes).
    Removing stm32f10x_sdio.o(i.SDIO_DeInit), (36 bytes).
    Removing stm32f10x_sdio.o(i.SDIO_GetCommandResponse), (12 bytes).
    Removing stm32f10x_sdio.o(i.SDIO_GetDataCounter), (12 bytes).
    Removing stm32f10x_sdio.o(i.SDIO_GetFIFOCount), (12 bytes).
    Removing stm32f10x_sdio.o(i.SDIO_GetFlagStatus), (24 bytes).
    Removing stm32f10x_sdio.o(i.SDIO_GetITStatus), (24 bytes).
    Removing stm32f10x_sdio.o(i.SDIO_GetPowerState), (16 bytes).
    Removing stm32f10x_sdio.o(i.SDIO_GetResponse), (24 bytes).
    Removing stm32f10x_sdio.o(i.SDIO_ITConfig), (32 bytes).
    Removing stm32f10x_sdio.o(i.SDIO_Init), (48 bytes).
    Removing stm32f10x_sdio.o(i.SDIO_ReadData), (12 bytes).
    Removing stm32f10x_sdio.o(i.SDIO_SendCEATACmd), (12 bytes).
    Removing stm32f10x_sdio.o(i.SDIO_SendCommand), (44 bytes).
    Removing stm32f10x_sdio.o(i.SDIO_SendSDIOSuspendCmd), (12 bytes).
    Removing stm32f10x_sdio.o(i.SDIO_SetPowerState), (28 bytes).
    Removing stm32f10x_sdio.o(i.SDIO_SetSDIOOperation), (12 bytes).
    Removing stm32f10x_sdio.o(i.SDIO_SetSDIOReadWaitMode), (12 bytes).
    Removing stm32f10x_sdio.o(i.SDIO_StartSDIOReadWait), (12 bytes).
    Removing stm32f10x_sdio.o(i.SDIO_StopSDIOReadWait), (12 bytes).
    Removing stm32f10x_sdio.o(i.SDIO_StructInit), (16 bytes).
    Removing stm32f10x_sdio.o(i.SDIO_WriteData), (12 bytes).
    Removing stm32f10x_spi.o(i.I2S_Cmd), (24 bytes).
    Removing stm32f10x_spi.o(i.I2S_Init), (232 bytes).
    Removing stm32f10x_spi.o(i.I2S_StructInit), (20 bytes).
    Removing stm32f10x_spi.o(i.SPI_BiDirectionalLineConfig), (28 bytes).
    Removing stm32f10x_spi.o(i.SPI_CalculateCRC), (24 bytes).
    Removing stm32f10x_spi.o(i.SPI_DataSizeConfig), (18 bytes).
    Removing stm32f10x_spi.o(i.SPI_GetCRC), (16 bytes).
    Removing stm32f10x_spi.o(i.SPI_GetCRCPolynomial), (6 bytes).
    Removing stm32f10x_spi.o(i.SPI_I2S_ClearFlag), (6 bytes).
    Removing stm32f10x_spi.o(i.SPI_I2S_ClearITPendingBit), (20 bytes).
    Removing stm32f10x_spi.o(i.SPI_I2S_DMACmd), (18 bytes).
    Removing stm32f10x_spi.o(i.SPI_I2S_DeInit), (88 bytes).
    Removing stm32f10x_spi.o(i.SPI_I2S_GetITStatus), (52 bytes).
    Removing stm32f10x_spi.o(i.SPI_I2S_ITConfig), (32 bytes).
    Removing stm32f10x_spi.o(i.SPI_NSSInternalSoftwareConfig), (30 bytes).
    Removing stm32f10x_spi.o(i.SPI_SSOutputCmd), (24 bytes).
    Removing stm32f10x_spi.o(i.SPI_StructInit), (24 bytes).
    Removing stm32f10x_spi.o(i.SPI_TransmitCRC), (10 bytes).
    Removing stm32f10x_usart.o(i.USART_ClearFlag), (18 bytes).
    Removing stm32f10x_usart.o(i.USART_ClockInit), (34 bytes).
    Removing stm32f10x_usart.o(i.USART_ClockStructInit), (12 bytes).
    Removing stm32f10x_usart.o(i.USART_DMACmd), (18 bytes).
    Removing stm32f10x_usart.o(i.USART_DeInit), (156 bytes).
    Removing stm32f10x_usart.o(i.USART_HalfDuplexCmd), (24 bytes).
    Removing stm32f10x_usart.o(i.USART_IrDACmd), (24 bytes).
    Removing stm32f10x_usart.o(i.USART_IrDAConfig), (18 bytes).
    Removing stm32f10x_usart.o(i.USART_LINBreakDetectLengthConfig), (18 bytes).
    Removing stm32f10x_usart.o(i.USART_LINCmd), (24 bytes).
    Removing stm32f10x_usart.o(i.USART_OneBitMethodCmd), (24 bytes).
    Removing stm32f10x_usart.o(i.USART_OverSampling8Cmd), (22 bytes).
    Removing stm32f10x_usart.o(i.USART_ReceiverWakeUpCmd), (24 bytes).
    Removing stm32f10x_usart.o(i.USART_SendBreak), (10 bytes).
    Removing stm32f10x_usart.o(i.USART_SetAddress), (18 bytes).
    Removing stm32f10x_usart.o(i.USART_SetGuardTime), (16 bytes).
    Removing stm32f10x_usart.o(i.USART_SetPrescaler), (16 bytes).
    Removing stm32f10x_usart.o(i.USART_SmartCardCmd), (24 bytes).
    Removing stm32f10x_usart.o(i.USART_SmartCardNACKCmd), (24 bytes).
    Removing stm32f10x_usart.o(i.USART_StructInit), (24 bytes).
    Removing stm32f10x_usart.o(i.USART_WakeUpConfig), (18 bytes).
    Removing lcd.o(i.LCD_BGR2RGB), (26 bytes).
    Removing lcd.o(i.LCD_Clear), (108 bytes).
    Removing lcd.o(i.LCD_Color_Fill), (96 bytes).
    Removing lcd.o(i.LCD_DisplayOff), (96 bytes).
    Removing lcd.o(i.LCD_DisplayOn), (96 bytes).
    Removing lcd.o(i.LCD_Display_Dir), (448 bytes).
    Removing lcd.o(i.LCD_DrawLine), (176 bytes).
    Removing lcd.o(i.LCD_DrawPoint), (36 bytes).
    Removing lcd.o(i.LCD_DrawRectangle), (60 bytes).
    Removing lcd.o(i.LCD_Draw_Circle), (152 bytes).
    Removing lcd.o(i.LCD_Fast_DrawPoint), (380 bytes).
    Removing lcd.o(i.LCD_Fill), (188 bytes).
    Removing lcd.o(i.LCD_Init), (14172 bytes).
    Removing lcd.o(i.LCD_Pow), (22 bytes).
    Removing lcd.o(i.LCD_RD_DATA), (20 bytes).
    Removing lcd.o(i.LCD_ReadPoint), (364 bytes).
    Removing lcd.o(i.LCD_ReadReg), (22 bytes).
    Removing lcd.o(i.LCD_SSD_BackLightSet), (84 bytes).
    Removing lcd.o(i.LCD_Scan_Dir), (748 bytes).
    Removing lcd.o(i.LCD_SetCursor), (424 bytes).
    Removing lcd.o(i.LCD_Set_Window), (532 bytes).
    Removing lcd.o(i.LCD_ShowChar), (296 bytes).
    Removing lcd.o(i.LCD_ShowNum), (148 bytes).
    Removing lcd.o(i.LCD_ShowString), (102 bytes).
    Removing lcd.o(i.LCD_ShowxNum), (190 bytes).
    Removing lcd.o(i.LCD_WR_DATA), (12 bytes).
    Removing lcd.o(i.LCD_WR_REG), (12 bytes).
    Removing lcd.o(i.LCD_WriteRAM), (12 bytes).
    Removing lcd.o(i.LCD_WriteRAM_Prepare), (20 bytes).
    Removing lcd.o(i.LCD_WriteReg), (16 bytes).
    Removing lcd.o(i.opt_delay), (14 bytes).
    Removing lcd.o(.bss), (14 bytes).
    Removing lcd.o(.constdata), (6080 bytes).
    Removing lcd.o(.data), (4 bytes).
    Removing rc522.o(i.DataDecrypt), (58 bytes).
    Removing rc522.o(i.M500PcdConfigISOType), (98 bytes).
    Removing rc522.o(i.MoveBits), (112 bytes).
    Removing rc522.o(i.PcdAuthState), (92 bytes).
    Removing rc522.o(i.PcdBakValue), (198 bytes).
    Removing rc522.o(i.PcdHalt), (52 bytes).
    Removing rc522.o(i.PcdRead), (76 bytes).
    Removing rc522.o(i.PcdValue), (190 bytes).
    Removing rc522.o(i.PcdWrite), (138 bytes).
    Removing rc522.o(i.trans), (22 bytes).
    Removing spi.o(i.spi_setspeed), (40 bytes).
    Removing dmul.o(.text), (228 bytes).
    Removing dfltui.o(.text), (26 bytes).
    Removing dfixui.o(.text), (50 bytes).
    Removing depilogue.o(.text), (186 bytes).

202 unused section(s) (total 34928 bytes) removed from the image.

==============================================================================

Image Symbol Table

    Local Symbols

    Symbol Name                              Value     Ov Type        Size  Object(Section)

    ../clib/microlib/init/entry.s            0x00000000   Number         0  entry2.o ABSOLUTE
    ../clib/microlib/init/entry.s            0x00000000   Number         0  entry11b.o ABSOLUTE
    ../clib/microlib/init/entry.s            0x00000000   Number         0  entry10a.o ABSOLUTE
    ../clib/microlib/init/entry.s            0x00000000   Number         0  entry9a.o ABSOLUTE
    ../clib/microlib/init/entry.s            0x00000000   Number         0  entry8b.o ABSOLUTE
    ../clib/microlib/init/entry.s            0x00000000   Number         0  entry8a.o ABSOLUTE
    ../clib/microlib/init/entry.s            0x00000000   Number         0  entry7b.o ABSOLUTE
    ../clib/microlib/init/entry.s            0x00000000   Number         0  entry7a.o ABSOLUTE
    ../clib/microlib/init/entry.s            0x00000000   Number         0  entry5.o ABSOLUTE
    ../clib/microlib/init/entry.s            0x00000000   Number         0  entry9b.o ABSOLUTE
    ../clib/microlib/init/entry.s            0x00000000   Number         0  entry.o ABSOLUTE
    ../clib/microlib/init/entry.s            0x00000000   Number         0  entry11a.o ABSOLUTE
    ../clib/microlib/init/entry.s            0x00000000   Number         0  entry10b.o ABSOLUTE
    ../clib/microlib/longlong.c              0x00000000   Number         0  llushr.o ABSOLUTE
    ../clib/microlib/longlong.c              0x00000000   Number         0  llshl.o ABSOLUTE
    ../clib/microlib/string/memset.c         0x00000000   Number         0  memseta.o ABSOLUTE
    ../clib/microlib/stubs.s                 0x00000000   Number         0  iusefp.o ABSOLUTE
    ../fplib/microlib/fpepilogue.c           0x00000000   Number         0  depilogue.o ABSOLUTE
    ../fplib/microlib/fpfix.c                0x00000000   Number         0  dfixui.o ABSOLUTE
    ../fplib/microlib/fpflt.c                0x00000000   Number         0  dfltui.o ABSOLUTE
    ../fplib/microlib/fpmul.c                0x00000000   Number         0  dmul.o ABSOLUTE
    ..\CORE\core_cm3.c                       0x00000000   Number         0  core_cm3.o ABSOLUTE
    ..\CORE\startup_stm32f10x_hd.s           0x00000000   Number         0  startup_stm32f10x_hd.o ABSOLUTE
    ..\PERIPH\LCD\lcd.c                      0x00000000   Number         0  lcd.o ABSOLUTE
    ..\PERIPH\RFID\rc522.c                   0x00000000   Number         0  rc522.o ABSOLUTE
    ..\PERIPH\ledkey\ledkey.c                0x00000000   Number         0  ledkey.o ABSOLUTE
    ..\PERIPH\spi\spi.c                      0x00000000   Number         0  spi.o ABSOLUTE
    ..\PERIPH\usart\usart.c                  0x00000000   Number         0  usart.o ABSOLUTE
    ..\STM32F10x_FWLib\src\misc.c            0x00000000   Number         0  misc.o ABSOLUTE
    ..\STM32F10x_FWLib\src\stm32f10x_fsmc.c  0x00000000   Number         0  stm32f10x_fsmc.o ABSOLUTE
    ..\STM32F10x_FWLib\src\stm32f10x_gpio.c  0x00000000   Number         0  stm32f10x_gpio.o ABSOLUTE
    ..\STM32F10x_FWLib\src\stm32f10x_rcc.c   0x00000000   Number         0  stm32f10x_rcc.o ABSOLUTE
    ..\STM32F10x_FWLib\src\stm32f10x_sdio.c  0x00000000   Number         0  stm32f10x_sdio.o ABSOLUTE
    ..\STM32F10x_FWLib\src\stm32f10x_spi.c   0x00000000   Number         0  stm32f10x_spi.o ABSOLUTE
    ..\STM32F10x_FWLib\src\stm32f10x_usart.c 0x00000000   Number         0  stm32f10x_usart.o ABSOLUTE
    ..\SYSTEM\delay\delay.c                  0x00000000   Number         0  delay.o ABSOLUTE
    ..\SYSTEM\sys\sys.c                      0x00000000   Number         0  sys.o ABSOLUTE
    ..\\CORE\\core_cm3.c                     0x00000000   Number         0  core_cm3.o ABSOLUTE
    ..\\SYSTEM\\sys\\sys.c                   0x00000000   Number         0  sys.o ABSOLUTE
    dc.s                                     0x00000000   Number         0  dc.o ABSOLUTE
    handlers.s                               0x00000000   Number         0  handlers.o ABSOLUTE
    init.s                                   0x00000000   Number         0  init.o ABSOLUTE
    main.c                                   0x00000000   Number         0  main.o ABSOLUTE
    stm32f10x_it.c                           0x00000000   Number         0  stm32f10x_it.o ABSOLUTE
    system_stm32f10x.c                       0x00000000   Number         0  system_stm32f10x.o ABSOLUTE
    RESET                                    0x08000000   Section      304  startup_stm32f10x_hd.o(RESET)
    .ARM.Collect$$$$00000000                 0x08000130   Section        0  entry.o(.ARM.Collect$$$$00000000)
    .ARM.Collect$$$$00000001                 0x08000130   Section        4  entry2.o(.ARM.Collect$$$$00000001)
    .ARM.Collect$$$$00000004                 0x08000134   Section        4  entry5.o(.ARM.Collect$$$$00000004)
    .ARM.Collect$$$$00000008                 0x08000138   Section        0  entry7b.o(.ARM.Collect$$$$00000008)
    .ARM.Collect$$$$0000000A                 0x08000138   Section        0  entry8b.o(.ARM.Collect$$$$0000000A)
    .ARM.Collect$$$$0000000B                 0x08000138   Section        8  entry9a.o(.ARM.Collect$$$$0000000B)
    .ARM.Collect$$$$0000000D                 0x08000140   Section        0  entry10a.o(.ARM.Collect$$$$0000000D)
    .ARM.Collect$$$$0000000F                 0x08000140   Section        0  entry11a.o(.ARM.Collect$$$$0000000F)
    .ARM.Collect$$$$00002712                 0x08000140   Section        4  entry2.o(.ARM.Collect$$$$00002712)
    __lit__00000000                          0x08000140   Data           4  entry2.o(.ARM.Collect$$$$00002712)
    .text                                    0x08000144   Section       36  startup_stm32f10x_hd.o(.text)
    .text                                    0x08000168   Section       36  init.o(.text)
    i.BusFault_Handler                       0x0800018c   Section        0  stm32f10x_it.o(i.BusFault_Handler)
    i.CalulateCRC                            0x08000190   Section        0  rc522.o(i.CalulateCRC)
    i.ClearBitMask                           0x080001fc   Section        0  rc522.o(i.ClearBitMask)
    i.DebugMon_Handler                       0x08000218   Section        0  stm32f10x_it.o(i.DebugMon_Handler)
    i.GPIO_Init                              0x0800021a   Section        0  stm32f10x_gpio.o(i.GPIO_Init)
    i.GPIO_ResetBits                         0x08000330   Section        0  stm32f10x_gpio.o(i.GPIO_ResetBits)
    i.GPIO_SetBits                           0x08000334   Section        0  stm32f10x_gpio.o(i.GPIO_SetBits)
    i.HardFault_Handler                      0x08000338   Section        0  stm32f10x_it.o(i.HardFault_Handler)
    i.MemManage_Handler                      0x0800033c   Section        0  stm32f10x_it.o(i.MemManage_Handler)
    i.NMI_Handler                            0x08000340   Section        0  stm32f10x_it.o(i.NMI_Handler)
    i.NVIC_Init                              0x08000344   Section        0  misc.o(i.NVIC_Init)
    i.NVIC_PriorityGroupConfig               0x080003b4   Section        0  misc.o(i.NVIC_PriorityGroupConfig)
    i.PcdAntennaOff                          0x080003c8   Section        0  rc522.o(i.PcdAntennaOff)
    i.PcdAntennaOn                           0x080003d4   Section        0  rc522.o(i.PcdAntennaOn)
    i.PcdAnticoll                            0x080003ee   Section        0  rc522.o(i.PcdAnticoll)
    i.PcdComMF522                            0x0800045e   Section        0  rc522.o(i.PcdComMF522)
    i.PcdRequest                             0x08000590   Section        0  rc522.o(i.PcdRequest)
    i.PcdReset                               0x080005e4   Section        0  rc522.o(i.PcdReset)
    i.PcdSelect                              0x08000640   Section        0  rc522.o(i.PcdSelect)
    i.PendSV_Handler                         0x080006b2   Section        0  stm32f10x_it.o(i.PendSV_Handler)
    i.Printing                               0x080006b4   Section        0  main.o(i.Printing)
    i.RCC_APB1PeriphClockCmd                 0x08000754   Section        0  stm32f10x_rcc.o(i.RCC_APB1PeriphClockCmd)
    i.RCC_APB2PeriphClockCmd                 0x08000774   Section        0  stm32f10x_rcc.o(i.RCC_APB2PeriphClockCmd)
    i.RCC_GetClocksFreq                      0x08000794   Section        0  stm32f10x_rcc.o(i.RCC_GetClocksFreq)
    i.RFIDGPIO_Init                          0x08000868   Section        0  rc522.o(i.RFIDGPIO_Init)
    i.ReadRawRC                              0x080008d8   Section        0  rc522.o(i.ReadRawRC)
    i.Request_Anticoll_Select                0x08000914   Section        0  main.o(i.Request_Anticoll_Select)
    i.SPI_Cmd                                0x08000994   Section        0  stm32f10x_spi.o(i.SPI_Cmd)
    i.SPI_I2S_GetFlagStatus                  0x080009ac   Section        0  stm32f10x_spi.o(i.SPI_I2S_GetFlagStatus)
    i.SPI_I2S_ReceiveData                    0x080009be   Section        0  stm32f10x_spi.o(i.SPI_I2S_ReceiveData)
    i.SPI_I2S_SendData                       0x080009c4   Section        0  stm32f10x_spi.o(i.SPI_I2S_SendData)
    i.SPI_Init                               0x080009c8   Section        0  stm32f10x_spi.o(i.SPI_Init)
    i.SVC_Handler                            0x08000a04   Section        0  stm32f10x_it.o(i.SVC_Handler)
    i.SetBitMask                             0x08000a06   Section        0  rc522.o(i.SetBitMask)
    i.SetSysClock                            0x08000a22   Section        0  system_stm32f10x.o(i.SetSysClock)
    SetSysClock                              0x08000a23   Thumb Code     8  system_stm32f10x.o(i.SetSysClock)
    i.SetSysClockTo72                        0x08000a2c   Section        0  system_stm32f10x.o(i.SetSysClockTo72)
    SetSysClockTo72                          0x08000a2d   Thumb Code   214  system_stm32f10x.o(i.SetSysClockTo72)
    i.SysTick_CLKSourceConfig                0x08000b0c   Section        0  misc.o(i.SysTick_CLKSourceConfig)
    i.SysTick_Handler                        0x08000b34   Section        0  stm32f10x_it.o(i.SysTick_Handler)
    i.SystemInit                             0x08000b38   Section        0  system_stm32f10x.o(i.SystemInit)
    i.USART1_IRQHandler                      0x08000b98   Section        0  usart.o(i.USART1_IRQHandler)
    i.USART_ClearITPendingBit                0x08000bc8   Section        0  stm32f10x_usart.o(i.USART_ClearITPendingBit)
    i.USART_Cmd                              0x08000be6   Section        0  stm32f10x_usart.o(i.USART_Cmd)
    i.USART_GetFlagStatus                    0x08000bfe   Section        0  stm32f10x_usart.o(i.USART_GetFlagStatus)
    i.USART_GetITStatus                      0x08000c18   Section        0  stm32f10x_usart.o(i.USART_GetITStatus)
    i.USART_ITConfig                         0x08000c6c   Section        0  stm32f10x_usart.o(i.USART_ITConfig)
    i.USART_Init                             0x08000cb8   Section        0  stm32f10x_usart.o(i.USART_Init)
    i.USART_ReceiveData                      0x08000d90   Section        0  stm32f10x_usart.o(i.USART_ReceiveData)
    i.USART_SendData                         0x08000d9a   Section        0  stm32f10x_usart.o(i.USART_SendData)
    i.UsageFault_Handler                     0x08000da2   Section        0  stm32f10x_it.o(i.UsageFault_Handler)
    i.WriteRawRC                             0x08000da8   Section        0  rc522.o(i.WriteRawRC)
    i.__scatterload_copy                     0x08000ddc   Section       14  handlers.o(i.__scatterload_copy)
    i.__scatterload_null                     0x08000dea   Section        2  handlers.o(i.__scatterload_null)
    i.__scatterload_zeroinit                 0x08000dec   Section       14  handlers.o(i.__scatterload_zeroinit)
    i.delay_init                             0x08000dfc   Section        0  delay.o(i.delay_init)
    i.delay_ms                               0x08000e40   Section        0  delay.o(i.delay_ms)
    i.delay_us                               0x08000e8c   Section        0  delay.o(i.delay_us)
    i.key_init                               0x08000ed8   Section        0  ledkey.o(i.key_init)
    i.led_init                               0x08000efc   Section        0  ledkey.o(i.led_init)
    i.main                                   0x08000f38   Section        0  main.o(i.main)
    i.spi2_init                              0x08000fb4   Section        0  spi.o(i.spi2_init)
    i.spi2_readwritebyte                     0x08001064   Section        0  spi.o(i.spi2_readwritebyte)
    i.usart1_init                            0x080010b8   Section        0  usart.o(i.usart1_init)
    i.usart1_sendstring                      0x08001158   Section        0  usart.o(i.usart1_sendstring)
    .data                                    0x20000000   Section      100  main.o(.data)
    .data                                    0x20000064   Section       20  system_stm32f10x.o(.data)
    .data                                    0x20000078   Section        4  delay.o(.data)
    fac_us                                   0x20000078   Data           1  delay.o(.data)
    fac_ms                                   0x2000007a   Data           2  delay.o(.data)
    .data                                    0x2000007c   Section       20  stm32f10x_rcc.o(.data)
    APBAHBPrescTable                         0x2000007c   Data          16  stm32f10x_rcc.o(.data)
    ADCPrescTable                            0x2000008c   Data           4  stm32f10x_rcc.o(.data)
    STACK                                    0x20000090   Section     1024  startup_stm32f10x_hd.o(STACK)

    Global Symbols

    Symbol Name                              Value     Ov Type        Size  Object(Section)

    BuildAttributes$$THM_ISAv4$P$D$K$B$S$PE$A:L22UL41UL21$X:L11$S22US41US21$IEEE1$IW$USESV6$~STKCKD$USESV7$~SHL$OSPACE$ROPI$EBA8$MICROLIB$REQ8$PRES8$EABIv2 0x00000000   Number         0  anon$$obj.o ABSOLUTE
    __ARM_use_no_argv                        0x00000000   Number         0  main.o ABSOLUTE
    __cpp_initialize__aeabi_                  - Undefined Weak Reference
    __cxa_finalize                            - Undefined Weak Reference
    __decompress                              - Undefined Weak Reference
    _clock_init                               - Undefined Weak Reference
    _microlib_exit                            - Undefined Weak Reference
    __Vectors_Size                           0x00000130   Number         0  startup_stm32f10x_hd.o ABSOLUTE
    __Vectors                                0x08000000   Data           4  startup_stm32f10x_hd.o(RESET)
    __Vectors_End                            0x08000130   Data           0  startup_stm32f10x_hd.o(RESET)
    __main                                   0x08000131   Thumb Code     0  entry.o(.ARM.Collect$$$$00000000)
    _main_stk                                0x08000131   Thumb Code     0  entry2.o(.ARM.Collect$$$$00000001)
    _main_scatterload                        0x08000135   Thumb Code     0  entry5.o(.ARM.Collect$$$$00000004)
    __main_after_scatterload                 0x08000139   Thumb Code     0  entry5.o(.ARM.Collect$$$$00000004)
    _main_clock                              0x08000139   Thumb Code     0  entry7b.o(.ARM.Collect$$$$00000008)
    _main_cpp_init                           0x08000139   Thumb Code     0  entry8b.o(.ARM.Collect$$$$0000000A)
    _main_init                               0x08000139   Thumb Code     0  entry9a.o(.ARM.Collect$$$$0000000B)
    __rt_final_cpp                           0x08000141   Thumb Code     0  entry10a.o(.ARM.Collect$$$$0000000D)
    __rt_final_exit                          0x08000141   Thumb Code     0  entry11a.o(.ARM.Collect$$$$0000000F)
    Reset_Handler                            0x08000145   Thumb Code     8  startup_stm32f10x_hd.o(.text)
    ADC1_2_IRQHandler                        0x0800015f   Thumb Code     0  startup_stm32f10x_hd.o(.text)
    ADC3_IRQHandler                          0x0800015f   Thumb Code     0  startup_stm32f10x_hd.o(.text)
    CAN1_RX1_IRQHandler                      0x0800015f   Thumb Code     0  startup_stm32f10x_hd.o(.text)
    CAN1_SCE_IRQHandler                      0x0800015f   Thumb Code     0  startup_stm32f10x_hd.o(.text)
    DMA1_Channel1_IRQHandler                 0x0800015f   Thumb Code     0  startup_stm32f10x_hd.o(.text)
    DMA1_Channel2_IRQHandler                 0x0800015f   Thumb Code     0  startup_stm32f10x_hd.o(.text)
    DMA1_Channel3_IRQHandler                 0x0800015f   Thumb Code     0  startup_stm32f10x_hd.o(.text)
    DMA1_Channel4_IRQHandler                 0x0800015f   Thumb Code     0  startup_stm32f10x_hd.o(.text)
    DMA1_Channel5_IRQHandler                 0x0800015f   Thumb Code     0  startup_stm32f10x_hd.o(.text)
    DMA1_Channel6_IRQHandler                 0x0800015f   Thumb Code     0  startup_stm32f10x_hd.o(.text)
    DMA1_Channel7_IRQHandler                 0x0800015f   Thumb Code     0  startup_stm32f10x_hd.o(.text)
    DMA2_Channel1_IRQHandler                 0x0800015f   Thumb Code     0  startup_stm32f10x_hd.o(.text)
    DMA2_Channel2_IRQHandler                 0x0800015f   Thumb Code     0  startup_stm32f10x_hd.o(.text)
    DMA2_Channel3_IRQHandler                 0x0800015f   Thumb Code     0  startup_stm32f10x_hd.o(.text)
    DMA2_Channel4_5_IRQHandler               0x0800015f   Thumb Code     0  startup_stm32f10x_hd.o(.text)
    EXTI0_IRQHandler                         0x0800015f   Thumb Code     0  startup_stm32f10x_hd.o(.text)
    EXTI15_10_IRQHandler                     0x0800015f   Thumb Code     0  startup_stm32f10x_hd.o(.text)
    EXTI1_IRQHandler                         0x0800015f   Thumb Code     0  startup_stm32f10x_hd.o(.text)
    EXTI2_IRQHandler                         0x0800015f   Thumb Code     0  startup_stm32f10x_hd.o(.text)
    EXTI3_IRQHandler                         0x0800015f   Thumb Code     0  startup_stm32f10x_hd.o(.text)
    EXTI4_IRQHandler                         0x0800015f   Thumb Code     0  startup_stm32f10x_hd.o(.text)
    EXTI9_5_IRQHandler                       0x0800015f   Thumb Code     0  startup_stm32f10x_hd.o(.text)
    FLASH_IRQHandler                         0x0800015f   Thumb Code     0  startup_stm32f10x_hd.o(.text)
    FSMC_IRQHandler                          0x0800015f   Thumb Code     0  startup_stm32f10x_hd.o(.text)
    I2C1_ER_IRQHandler                       0x0800015f   Thumb Code     0  startup_stm32f10x_hd.o(.text)
    I2C1_EV_IRQHandler                       0x0800015f   Thumb Code     0  startup_stm32f10x_hd.o(.text)
    I2C2_ER_IRQHandler                       0x0800015f   Thumb Code     0  startup_stm32f10x_hd.o(.text)
    I2C2_EV_IRQHandler                       0x0800015f   Thumb Code     0  startup_stm32f10x_hd.o(.text)
    PVD_IRQHandler                           0x0800015f   Thumb Code     0  startup_stm32f10x_hd.o(.text)
    RCC_IRQHandler                           0x0800015f   Thumb Code     0  startup_stm32f10x_hd.o(.text)
    RTCAlarm_IRQHandler                      0x0800015f   Thumb Code     0  startup_stm32f10x_hd.o(.text)
    RTC_IRQHandler                           0x0800015f   Thumb Code     0  startup_stm32f10x_hd.o(.text)
    SDIO_IRQHandler                          0x0800015f   Thumb Code     0  startup_stm32f10x_hd.o(.text)
    SPI1_IRQHandler                          0x0800015f   Thumb Code     0  startup_stm32f10x_hd.o(.text)
    SPI2_IRQHandler                          0x0800015f   Thumb Code     0  startup_stm32f10x_hd.o(.text)
    SPI3_IRQHandler                          0x0800015f   Thumb Code     0  startup_stm32f10x_hd.o(.text)
    TAMPER_IRQHandler                        0x0800015f   Thumb Code     0  startup_stm32f10x_hd.o(.text)
    TIM1_BRK_IRQHandler                      0x0800015f   Thumb Code     0  startup_stm32f10x_hd.o(.text)
    TIM1_CC_IRQHandler                       0x0800015f   Thumb Code     0  startup_stm32f10x_hd.o(.text)
    TIM1_TRG_COM_IRQHandler                  0x0800015f   Thumb Code     0  startup_stm32f10x_hd.o(.text)
    TIM1_UP_IRQHandler                       0x0800015f   Thumb Code     0  startup_stm32f10x_hd.o(.text)
    TIM2_IRQHandler                          0x0800015f   Thumb Code     0  startup_stm32f10x_hd.o(.text)
    TIM3_IRQHandler                          0x0800015f   Thumb Code     0  startup_stm32f10x_hd.o(.text)
    TIM4_IRQHandler                          0x0800015f   Thumb Code     0  startup_stm32f10x_hd.o(.text)
    TIM5_IRQHandler                          0x0800015f   Thumb Code     0  startup_stm32f10x_hd.o(.text)
    TIM6_IRQHandler                          0x0800015f   Thumb Code     0  startup_stm32f10x_hd.o(.text)
    TIM7_IRQHandler                          0x0800015f   Thumb Code     0  startup_stm32f10x_hd.o(.text)
    TIM8_BRK_IRQHandler                      0x0800015f   Thumb Code     0  startup_stm32f10x_hd.o(.text)
    TIM8_CC_IRQHandler                       0x0800015f   Thumb Code     0  startup_stm32f10x_hd.o(.text)
    TIM8_TRG_COM_IRQHandler                  0x0800015f   Thumb Code     0  startup_stm32f10x_hd.o(.text)
    TIM8_UP_IRQHandler                       0x0800015f   Thumb Code     0  startup_stm32f10x_hd.o(.text)
    UART4_IRQHandler                         0x0800015f   Thumb Code     0  startup_stm32f10x_hd.o(.text)
    UART5_IRQHandler                         0x0800015f   Thumb Code     0  startup_stm32f10x_hd.o(.text)
    USART2_IRQHandler                        0x0800015f   Thumb Code     0  startup_stm32f10x_hd.o(.text)
    USART3_IRQHandler                        0x0800015f   Thumb Code     0  startup_stm32f10x_hd.o(.text)
    USBWakeUp_IRQHandler                     0x0800015f   Thumb Code     0  startup_stm32f10x_hd.o(.text)
    USB_HP_CAN1_TX_IRQHandler                0x0800015f   Thumb Code     0  startup_stm32f10x_hd.o(.text)
    USB_LP_CAN1_RX0_IRQHandler               0x0800015f   Thumb Code     0  startup_stm32f10x_hd.o(.text)
    WWDG_IRQHandler                          0x0800015f   Thumb Code     0  startup_stm32f10x_hd.o(.text)
    __scatterload                            0x08000169   Thumb Code    28  init.o(.text)
    __scatterload_rt2                        0x08000169   Thumb Code     0  init.o(.text)
    BusFault_Handler                         0x0800018d   Thumb Code     4  stm32f10x_it.o(i.BusFault_Handler)
    CalulateCRC                              0x08000191   Thumb Code   108  rc522.o(i.CalulateCRC)
    ClearBitMask                             0x080001fd   Thumb Code    28  rc522.o(i.ClearBitMask)
    DebugMon_Handler                         0x08000219   Thumb Code     2  stm32f10x_it.o(i.DebugMon_Handler)
    GPIO_Init                                0x0800021b   Thumb Code   278  stm32f10x_gpio.o(i.GPIO_Init)
    GPIO_ResetBits                           0x08000331   Thumb Code     4  stm32f10x_gpio.o(i.GPIO_ResetBits)
    GPIO_SetBits                             0x08000335   Thumb Code     4  stm32f10x_gpio.o(i.GPIO_SetBits)
    HardFault_Handler                        0x08000339   Thumb Code     4  stm32f10x_it.o(i.HardFault_Handler)
    MemManage_Handler                        0x0800033d   Thumb Code     4  stm32f10x_it.o(i.MemManage_Handler)
    NMI_Handler                              0x08000341   Thumb Code     2  stm32f10x_it.o(i.NMI_Handler)
    NVIC_Init                                0x08000345   Thumb Code   100  misc.o(i.NVIC_Init)
    NVIC_PriorityGroupConfig                 0x080003b5   Thumb Code    10  misc.o(i.NVIC_PriorityGroupConfig)
    PcdAntennaOff                            0x080003c9   Thumb Code    12  rc522.o(i.PcdAntennaOff)
    PcdAntennaOn                             0x080003d5   Thumb Code    26  rc522.o(i.PcdAntennaOn)
    PcdAnticoll                              0x080003ef   Thumb Code   112  rc522.o(i.PcdAnticoll)
    PcdComMF522                              0x0800045f   Thumb Code   306  rc522.o(i.PcdComMF522)
    PcdRequest                               0x08000591   Thumb Code    84  rc522.o(i.PcdRequest)
    PcdReset                                 0x080005e5   Thumb Code    88  rc522.o(i.PcdReset)
    PcdSelect                                0x08000641   Thumb Code   114  rc522.o(i.PcdSelect)
    PendSV_Handler                           0x080006b3   Thumb Code     2  stm32f10x_it.o(i.PendSV_Handler)
    Printing                                 0x080006b5   Thumb Code   142  main.o(i.Printing)
    RCC_APB1PeriphClockCmd                   0x08000755   Thumb Code    26  stm32f10x_rcc.o(i.RCC_APB1PeriphClockCmd)
    RCC_APB2PeriphClockCmd                   0x08000775   Thumb Code    26  stm32f10x_rcc.o(i.RCC_APB2PeriphClockCmd)
    RCC_GetClocksFreq                        0x08000795   Thumb Code   192  stm32f10x_rcc.o(i.RCC_GetClocksFreq)
    RFIDGPIO_Init                            0x08000869   Thumb Code   106  rc522.o(i.RFIDGPIO_Init)
    ReadRawRC                                0x080008d9   Thumb Code    54  rc522.o(i.ReadRawRC)
    Request_Anticoll_Select                  0x08000915   Thumb Code    86  main.o(i.Request_Anticoll_Select)
    SPI_Cmd                                  0x08000995   Thumb Code    24  stm32f10x_spi.o(i.SPI_Cmd)
    SPI_I2S_GetFlagStatus                    0x080009ad   Thumb Code    18  stm32f10x_spi.o(i.SPI_I2S_GetFlagStatus)
    SPI_I2S_ReceiveData                      0x080009bf   Thumb Code     6  stm32f10x_spi.o(i.SPI_I2S_ReceiveData)
    SPI_I2S_SendData                         0x080009c5   Thumb Code     4  stm32f10x_spi.o(i.SPI_I2S_SendData)
    SPI_Init                                 0x080009c9   Thumb Code    60  stm32f10x_spi.o(i.SPI_Init)
    SVC_Handler                              0x08000a05   Thumb Code     2  stm32f10x_it.o(i.SVC_Handler)
    SetBitMask                               0x08000a07   Thumb Code    28  rc522.o(i.SetBitMask)
    SysTick_CLKSourceConfig                  0x08000b0d   Thumb Code    40  misc.o(i.SysTick_CLKSourceConfig)
    SysTick_Handler                          0x08000b35   Thumb Code     2  stm32f10x_it.o(i.SysTick_Handler)
    SystemInit                               0x08000b39   Thumb Code    78  system_stm32f10x.o(i.SystemInit)
    USART1_IRQHandler                        0x08000b99   Thumb Code    44  usart.o(i.USART1_IRQHandler)
    USART_ClearITPendingBit                  0x08000bc9   Thumb Code    30  stm32f10x_usart.o(i.USART_ClearITPendingBit)
    USART_Cmd                                0x08000be7   Thumb Code    24  stm32f10x_usart.o(i.USART_Cmd)
    USART_GetFlagStatus                      0x08000bff   Thumb Code    26  stm32f10x_usart.o(i.USART_GetFlagStatus)
    USART_GetITStatus                        0x08000c19   Thumb Code    84  stm32f10x_usart.o(i.USART_GetITStatus)
    USART_ITConfig                           0x08000c6d   Thumb Code    74  stm32f10x_usart.o(i.USART_ITConfig)
    USART_Init                               0x08000cb9   Thumb Code   210  stm32f10x_usart.o(i.USART_Init)
    USART_ReceiveData                        0x08000d91   Thumb Code    10  stm32f10x_usart.o(i.USART_ReceiveData)
    USART_SendData                           0x08000d9b   Thumb Code     8  stm32f10x_usart.o(i.USART_SendData)
    UsageFault_Handler                       0x08000da3   Thumb Code     4  stm32f10x_it.o(i.UsageFault_Handler)
    WriteRawRC                               0x08000da9   Thumb Code    46  rc522.o(i.WriteRawRC)
    __scatterload_copy                       0x08000ddd   Thumb Code    14  handlers.o(i.__scatterload_copy)
    __scatterload_null                       0x08000deb   Thumb Code     2  handlers.o(i.__scatterload_null)
    __scatterload_zeroinit                   0x08000ded   Thumb Code    14  handlers.o(i.__scatterload_zeroinit)
    delay_init                               0x08000dfd   Thumb Code    50  delay.o(i.delay_init)
    delay_ms                                 0x08000e41   Thumb Code    72  delay.o(i.delay_ms)
    delay_us                                 0x08000e8d   Thumb Code    72  delay.o(i.delay_us)
    key_init                                 0x08000ed9   Thumb Code    32  ledkey.o(i.key_init)
    led_init                                 0x08000efd   Thumb Code    52  ledkey.o(i.led_init)
    main                                     0x08000f39   Thumb Code    90  main.o(i.main)
    spi2_init                                0x08000fb5   Thumb Code   166  spi.o(i.spi2_init)
    spi2_readwritebyte                       0x08001065   Thumb Code    78  spi.o(i.spi2_readwritebyte)
    usart1_init                              0x080010b9   Thumb Code   150  usart.o(i.usart1_init)
    usart1_sendstring                        0x08001159   Thumb Code    38  usart.o(i.usart1_sendstring)
    Region$$Table$$Base                      0x08001184   Number         0  anon$$obj.o(Region$$Table)
    Region$$Table$$Limit                     0x080011a4   Number         0  anon$$obj.o(Region$$Table)
    Block                                    0x20000000   Data           1  main.o(.data)
    Card_Buffer                              0x20000001   Data           2  main.o(.data)
    Card_Type                                0x20000004   Data           2  main.o(.data)
    Card_ID                                  0x20000006   Data           4  main.o(.data)
    UID                                      0x2000000a   Data           5  main.o(.data)
    Temp                                     0x2000000f   Data           4  main.o(.data)
    i                                        0x20000013   Data           1  main.o(.data)
    table                                    0x20000014   Data          16  main.o(.data)
    Modify_Key                               0x20000024   Data           6  main.o(.data)
    Default_Key                              0x2000002a   Data           6  main.o(.data)
    DefaultValue                             0x20000030   Data          16  main.o(.data)
    value_Buf                                0x20000040   Data           4  main.o(.data)
    Write_Buffer                             0x20000044   Data          16  main.o(.data)
    Write_Buffer1                            0x20000054   Data          16  main.o(.data)
    SystemCoreClock                          0x20000064   Data           4  system_stm32f10x.o(.data)
    AHBPrescTable                            0x20000068   Data          16  system_stm32f10x.o(.data)
    __initial_sp                             0x20000490   Data           0  startup_stm32f10x_hd.o(STACK)



==============================================================================

Memory Map of the image

  Image Entry point : 0x08000145

  Load Region LR_1 (Base: 0x08000000, Size: 0x00001234, Max: 0xffffffff, ABSOLUTE)

    Execution Region ER_RO (Base: 0x08000000, Size: 0x000011a4, Max: 0xffffffff, ABSOLUTE)

    Base Addr    Size         Type   Attr      Idx    E Section Name        Object

    0x08000000   0x00000130   Data   RO          395    RESET               startup_stm32f10x_hd.o
    0x08000130   0x00000000   Code   RO         1800  * .ARM.Collect$$$$00000000  mc_w.l(entry.o)
    0x08000130   0x00000004   Code   RO         1811    .ARM.Collect$$$$00000001  mc_w.l(entry2.o)
    0x08000134   0x00000004   Code   RO         1814    .ARM.Collect$$$$00000004  mc_w.l(entry5.o)
    0x08000138   0x00000000   Code   RO         1816    .ARM.Collect$$$$00000008  mc_w.l(entry7b.o)
    0x08000138   0x00000000   Code   RO         1818    .ARM.Collect$$$$0000000A  mc_w.l(entry8b.o)
    0x08000138   0x00000008   Code   RO         1819    .ARM.Collect$$$$0000000B  mc_w.l(entry9a.o)
    0x08000140   0x00000000   Code   RO         1821    .ARM.Collect$$$$0000000D  mc_w.l(entry10a.o)
    0x08000140   0x00000000   Code   RO         1823    .ARM.Collect$$$$0000000F  mc_w.l(entry11a.o)
    0x08000140   0x00000004   Code   RO         1812    .ARM.Collect$$$$00002712  mc_w.l(entry2.o)
    0x08000144   0x00000024   Code   RO          396  * .text               startup_stm32f10x_hd.o
    0x08000168   0x00000024   Code   RO         1830    .text               mc_w.l(init.o)
    0x0800018c   0x00000004   Code   RO          205    i.BusFault_Handler  stm32f10x_it.o
    0x08000190   0x0000006c   Code   RO         1605    i.CalulateCRC       rc522.o
    0x080001fc   0x0000001c   Code   RO         1606    i.ClearBitMask      rc522.o
    0x08000218   0x00000002   Code   RO          206    i.DebugMon_Handler  stm32f10x_it.o
    0x0800021a   0x00000116   Code   RO          562    i.GPIO_Init         stm32f10x_gpio.o
    0x08000330   0x00000004   Code   RO          569    i.GPIO_ResetBits    stm32f10x_gpio.o
    0x08000334   0x00000004   Code   RO          570    i.GPIO_SetBits      stm32f10x_gpio.o
    0x08000338   0x00000004   Code   RO          207    i.HardFault_Handler  stm32f10x_it.o
    0x0800033c   0x00000004   Code   RO          208    i.MemManage_Handler  stm32f10x_it.o
    0x08000340   0x00000002   Code   RO          209    i.NMI_Handler       stm32f10x_it.o
    0x08000342   0x00000002   PAD
    0x08000344   0x00000070   Code   RO          400    i.NVIC_Init         misc.o
    0x080003b4   0x00000014   Code   RO          401    i.NVIC_PriorityGroupConfig  misc.o
    0x080003c8   0x0000000c   Code   RO         1610    i.PcdAntennaOff     rc522.o
    0x080003d4   0x0000001a   Code   RO         1611    i.PcdAntennaOn      rc522.o
    0x080003ee   0x00000070   Code   RO         1612    i.PcdAnticoll       rc522.o
    0x0800045e   0x00000132   Code   RO         1615    i.PcdComMF522       rc522.o
    0x08000590   0x00000054   Code   RO         1618    i.PcdRequest        rc522.o
    0x080005e4   0x0000005c   Code   RO         1619    i.PcdReset          rc522.o
    0x08000640   0x00000072   Code   RO         1620    i.PcdSelect         rc522.o
    0x080006b2   0x00000002   Code   RO          210    i.PendSV_Handler    stm32f10x_it.o
    0x080006b4   0x000000a0   Code   RO            8    i.Printing          main.o
    0x08000754   0x00000020   Code   RO          672    i.RCC_APB1PeriphClockCmd  stm32f10x_rcc.o
    0x08000774   0x00000020   Code   RO          674    i.RCC_APB2PeriphClockCmd  stm32f10x_rcc.o
    0x08000794   0x000000d4   Code   RO          682    i.RCC_GetClocksFreq  stm32f10x_rcc.o
    0x08000868   0x00000070   Code   RO         1623    i.RFIDGPIO_Init     rc522.o
    0x080008d8   0x0000003c   Code   RO         1624    i.ReadRawRC         rc522.o
    0x08000914   0x00000080   Code   RO           10    i.Request_Anticoll_Select  main.o
    0x08000994   0x00000018   Code   RO         1061    i.SPI_Cmd           stm32f10x_spi.o
    0x080009ac   0x00000012   Code   RO         1069    i.SPI_I2S_GetFlagStatus  stm32f10x_spi.o
    0x080009be   0x00000006   Code   RO         1072    i.SPI_I2S_ReceiveData  stm32f10x_spi.o
    0x080009c4   0x00000004   Code   RO         1073    i.SPI_I2S_SendData  stm32f10x_spi.o
    0x080009c8   0x0000003c   Code   RO         1074    i.SPI_Init          stm32f10x_spi.o
    0x08000a04   0x00000002   Code   RO          211    i.SVC_Handler       stm32f10x_it.o
    0x08000a06   0x0000001c   Code   RO         1625    i.SetBitMask        rc522.o
    0x08000a22   0x00000008   Code   RO          268    i.SetSysClock       system_stm32f10x.o
    0x08000a2a   0x00000002   PAD
    0x08000a2c   0x000000e0   Code   RO          269    i.SetSysClockTo72   system_stm32f10x.o
    0x08000b0c   0x00000028   Code   RO          404    i.SysTick_CLKSourceConfig  misc.o
    0x08000b34   0x00000002   Code   RO          212    i.SysTick_Handler   stm32f10x_it.o
    0x08000b36   0x00000002   PAD
    0x08000b38   0x00000060   Code   RO          271    i.SystemInit        system_stm32f10x.o
    0x08000b98   0x00000030   Code   RO         1752    i.USART1_IRQHandler  usart.o
    0x08000bc8   0x0000001e   Code   RO         1201    i.USART_ClearITPendingBit  stm32f10x_usart.o
    0x08000be6   0x00000018   Code   RO         1204    i.USART_Cmd         stm32f10x_usart.o
    0x08000bfe   0x0000001a   Code   RO         1207    i.USART_GetFlagStatus  stm32f10x_usart.o
    0x08000c18   0x00000054   Code   RO         1208    i.USART_GetITStatus  stm32f10x_usart.o
    0x08000c6c   0x0000004a   Code   RO         1210    i.USART_ITConfig    stm32f10x_usart.o
    0x08000cb6   0x00000002   PAD
    0x08000cb8   0x000000d8   Code   RO         1211    i.USART_Init        stm32f10x_usart.o
    0x08000d90   0x0000000a   Code   RO         1218    i.USART_ReceiveData  stm32f10x_usart.o
    0x08000d9a   0x00000008   Code   RO         1221    i.USART_SendData    stm32f10x_usart.o
    0x08000da2   0x00000004   Code   RO          213    i.UsageFault_Handler  stm32f10x_it.o
    0x08000da6   0x00000002   PAD
    0x08000da8   0x00000034   Code   RO         1626    i.WriteRawRC        rc522.o
    0x08000ddc   0x0000000e   Code   RO         1836    i.__scatterload_copy  mc_w.l(handlers.o)
    0x08000dea   0x00000002   Code   RO         1837    i.__scatterload_null  mc_w.l(handlers.o)
    0x08000dec   0x0000000e   Code   RO         1838    i.__scatterload_zeroinit  mc_w.l(handlers.o)
    0x08000dfa   0x00000002   PAD
    0x08000dfc   0x00000044   Code   RO          302    i.delay_init        delay.o
    0x08000e40   0x0000004c   Code   RO          303    i.delay_ms          delay.o
    0x08000e8c   0x0000004c   Code   RO          304    i.delay_us          delay.o
    0x08000ed8   0x00000024   Code   RO         1583    i.key_init          ledkey.o
    0x08000efc   0x0000003c   Code   RO         1584    i.led_init          ledkey.o
    0x08000f38   0x0000007c   Code   RO           13    i.main              main.o
    0x08000fb4   0x000000b0   Code   RO         1776    i.spi2_init         spi.o
    0x08001064   0x00000054   Code   RO         1777    i.spi2_readwritebyte  spi.o
    0x080010b8   0x000000a0   Code   RO         1753    i.usart1_init       usart.o
    0x08001158   0x0000002c   Code   RO         1754    i.usart1_sendstring  usart.o
    0x08001184   0x00000020   Data   RO         1834    Region$$Table       anon$$obj.o


    Execution Region ER_RW (Base: 0x20000000, Size: 0x00000090, Max: 0xffffffff, ABSOLUTE)

    Base Addr    Size         Type   Attr      Idx    E Section Name        Object

    0x20000000   0x00000064   Data   RW           16    .data               main.o
    0x20000064   0x00000014   Data   RW          272    .data               system_stm32f10x.o
    0x20000078   0x00000004   Data   RW          305    .data               delay.o
    0x2000007c   0x00000014   Data   RW          702    .data               stm32f10x_rcc.o


    Execution Region ER_ZI (Base: 0x20000090, Size: 0x00000400, Max: 0xffffffff, ABSOLUTE)

    Base Addr    Size         Type   Attr      Idx    E Section Name        Object

    0x20000090   0x00000400   Zero   RW          393    STACK               startup_stm32f10x_hd.o


==============================================================================

Image component sizes


      Code (inc. data)   RO Data    RW Data    ZI Data      Debug   Object Name

       220         26          0          4          0     204991   delay.o
        96         12          0          0          0        954   ledkey.o
       412         94          0        100          0     239377   main.o
       172         22          0          0          0       1981   misc.o
      1134         22          0          0          0       8158   rc522.o
       260         16          0          0          0       1233   spi.o
        36          8        304          0       1024        772   startup_stm32f10x_hd.o
       286          0          0          0          0       2960   stm32f10x_gpio.o
        26          0          0          0          0       3534   stm32f10x_it.o
       276         32          0         20          0       4346   stm32f10x_rcc.o
       112          0          0          0          0       3722   stm32f10x_spi.o
       472          6          0          0          0       6639   stm32f10x_usart.o
         0          0          0          0          0         32   sys.o
       328         28          0         20          0       1997   system_stm32f10x.o
       252         20          0          0          0       1658   usart.o

    ----------------------------------------------------------------------
      4092        286        336        144       1024     482354   Object Totals
         0          0         32          0          0          0   (incl. Generated)
        10          0          0          0          0          0   (incl. Padding)

    ----------------------------------------------------------------------

      Code (inc. data)   RO Data    RW Data    ZI Data      Debug   Library Member Name

         0          0          0          0          0          0   entry.o
         0          0          0          0          0          0   entry10a.o
         0          0          0          0          0          0   entry11a.o
         8          4          0          0          0          0   entry2.o
         4          0          0          0          0          0   entry5.o
         0          0          0          0          0          0   entry7b.o
         0          0          0          0          0          0   entry8b.o
         8          4          0          0          0          0   entry9a.o
        30          0          0          0          0          0   handlers.o
        36          8          0          0          0         68   init.o

    ----------------------------------------------------------------------
        88         16          0          0          0         68   Library Totals
         2          0          0          0          0          0   (incl. Padding)

    ----------------------------------------------------------------------

      Code (inc. data)   RO Data    RW Data    ZI Data      Debug   Library Name

        86         16          0          0          0         68   mc_w.l

    ----------------------------------------------------------------------
        88         16          0          0          0         68   Library Totals

    ----------------------------------------------------------------------

==============================================================================


      Code (inc. data)   RO Data    RW Data    ZI Data      Debug   

      4180        302        336        144       1024     479662   Grand Totals
      4180        302        336        144       1024     479662   ELF Image Totals
      4180        302        336        144          0          0   ROM Totals

==============================================================================

    Total RO  Size (Code + RO Data)                 4516 (   4.41kB)
    Total RW  Size (RW Data + ZI Data)              1168 (   1.14kB)
    Total ROM Size (Code + RO Data + RW Data)       4660 (   4.55kB)

==============================================================================

